[    0.000000] microcode: microcode updated early to revision 0xa4, date = 2022-02-01
[    0.000000] Linux version 6.1.0-rc4 (tangm@tangm-PC) (gcc (Uos 8.3.0.7-1+dde) 8.3.0, GNU ld (GNU Binutils for Uos) 2.31.1) #1 SMP PREEMPT_DYNAMIC Mon Nov 14 11:42:44 CST 2022
[    0.000000] Command line: BOOT_IMAGE=/vmlinuz-6.1.0-rc4 root=UUID=35aad111-9bc6-46c8-bbc7-38e501cad4d0 ro splash quiet DEEPIN_GFXMODE=
[    0.000000] KERNEL supported cpus:
[    0.000000]   Intel GenuineIntel
[    0.000000]   AMD AuthenticAMD
[    0.000000]   Hygon HygonGenuine
[    0.000000]   Centaur CentaurHauls
[    0.000000]   zhaoxin   Shanghai  
[    0.000000] x86/split lock detection: #AC: crashing the kernel on kernel split_locks and warning on user-space split_locks
[    0.000000] x86/fpu: Supporting XSAVE feature 0x001: 'x87 floating point registers'
[    0.000000] x86/fpu: Supporting XSAVE feature 0x002: 'SSE registers'
[    0.000000] x86/fpu: Supporting XSAVE feature 0x004: 'AVX registers'
[    0.000000] x86/fpu: Supporting XSAVE feature 0x020: 'AVX-512 opmask'
[    0.000000] x86/fpu: Supporting XSAVE feature 0x040: 'AVX-512 Hi256'
[    0.000000] x86/fpu: Supporting XSAVE feature 0x080: 'AVX-512 ZMM_Hi256'
[    0.000000] x86/fpu: Supporting XSAVE feature 0x200: 'Protection Keys User registers'
[    0.000000] x86/fpu: xstate_offset[2]:  576, xstate_sizes[2]:  256
[    0.000000] x86/fpu: xstate_offset[5]:  832, xstate_sizes[5]:   64
[    0.000000] x86/fpu: xstate_offset[6]:  896, xstate_sizes[6]:  512
[    0.000000] x86/fpu: xstate_offset[7]: 1408, xstate_sizes[7]: 1024
[    0.000000] x86/fpu: xstate_offset[9]: 2432, xstate_sizes[9]:    8
[    0.000000] x86/fpu: Enabled xstate features 0x2e7, context size is 2440 bytes, using 'compacted' format.
[    0.000000] signal: max sigframe size: 3632
[    0.000000] BIOS-provided physical RAM map:
[    0.000000] BIOS-e820: [mem 0x0000000000000000-0x000000000009efff] usable
[    0.000000] BIOS-e820: [mem 0x000000000009f000-0x00000000000fffff] reserved
[    0.000000] BIOS-e820: [mem 0x0000000000100000-0x0000000069da8fff] usable
[    0.000000] BIOS-e820: [mem 0x0000000069da9000-0x000000006a6a8fff] reserved
[    0.000000] BIOS-e820: [mem 0x000000006a6a9000-0x00000000732befff] usable
[    0.000000] BIOS-e820: [mem 0x00000000732bf000-0x000000007368efff] type 20
[    0.000000] BIOS-e820: [mem 0x000000007368f000-0x000000007510efff] reserved
[    0.000000] BIOS-e820: [mem 0x000000007510f000-0x000000007593efff] ACPI NVS
[    0.000000] BIOS-e820: [mem 0x000000007593f000-0x0000000075bfefff] ACPI data
[    0.000000] BIOS-e820: [mem 0x0000000075bff000-0x0000000075bfffff] usable
[    0.000000] BIOS-e820: [mem 0x0000000075c00000-0x000000007f3fffff] reserved
[    0.000000] BIOS-e820: [mem 0x00000000fe010000-0x00000000fe010fff] reserved
[    0.000000] BIOS-e820: [mem 0x00000000fed20000-0x00000000fed7ffff] reserved
[    0.000000] BIOS-e820: [mem 0x00000000fef00000-0x00000000ffffffff] reserved
[    0.000000] BIOS-e820: [mem 0x0000000100000000-0x0000000480bfffff] usable
[    0.000000] NX (Execute Disable) protection: active
[    0.000000] efi: EFI v2.70 by QUANTA
[    0.000000] efi: ACPI=0x75bfe000 ACPI 2.0=0x75bfe014 TPMFinalLog=0x758d5000 SMBIOS=0x737f2000 SMBIOS 3.0=0x737f0000 MEMATTR=0x6f0e7018 ESRT=0x6efa1a98 MOKvar=0x6f1ad000 
[    0.000000] SMBIOS 3.3.0 present.
[    0.000000] DMI: HUAWEI WRTD-WXX9/WRTD-WXX9-PCB-B1, BIOS 2.08 09/02/2021
[    0.000000] tsc: Detected 2400.000 MHz processor
[    0.000000] tsc: Detected 2419.200 MHz TSC
[    0.000006] e820: update [mem 0x00000000-0x00000fff] usable ==> reserved
[    0.000008] e820: remove [mem 0x000a0000-0x000fffff] usable
[    0.000012] last_pfn = 0x480c00 max_arch_pfn = 0x400000000
[    0.000152] x86/PAT: Configuration [0-7]: WB  WC  UC- UC  WB  WP  UC- WT  
[    0.000924] last_pfn = 0x75c00 max_arch_pfn = 0x400000000
[    0.008186] esrt: Reserving ESRT space from 0x000000006efa1a98 to 0x000000006efa1af8.
[    0.008191] e820: update [mem 0x6efa1000-0x6efa1fff] usable ==> reserved
[    0.008200] e820: update [mem 0x6f1ad000-0x6f1adfff] usable ==> reserved
[    0.008213] Using GB pages for direct mapping
[    0.008422] Secure boot could not be determined
[    0.008423] RAMDISK: [mem 0x2d6b3000-0x32b50fff]
[    0.008425] ACPI: Early table checksum verification disabled
[    0.008428] ACPI: RSDP 0x0000000075BFE014 000024 (v02 HUAWEI)
[    0.008431] ACPI: XSDT 0x0000000075BDE188 000104 (v01 HUAWEI TGL-ULT  00000002      01000013)
[    0.008435] ACPI: FACP 0x0000000075BE1000 00010C (v06 HUAWEI TGL-ULT  00000002 ACPI 00040000)
[    0.008439] ACPI: DSDT 0x0000000075BA2000 03B74D (v02 HUAWEI TGL-ULT  00000002 ACPI 00040000)
[    0.008442] ACPI: FACS 0x00000000758B3000 000040
[    0.008444] ACPI: UEFI 0x000000007593E000 000236 (v01 HUAWEI TGL-ULT  00000001 ACPI 00040000)
[    0.008446] ACPI: SSDT 0x0000000075BFA000 00255C (v02 HUAWEI CpuSsdt  00003000 INTL 20160422)
[    0.008448] ACPI: SSDT 0x0000000075BF6000 0038A9 (v02 HUAWEI DptfTabl 00001000 INTL 20160422)
[    0.008451] ACPI: SSDT 0x0000000075BF3000 002FD0 (v02 HUAWEI SaSsdt   00003000 INTL 20160422)
[    0.008453] ACPI: SSDT 0x0000000075BEF000 0032DC (v02 HUAWEI IgfxSsdt 00003000 INTL 20160422)
[    0.008455] ACPI: SSDT 0x0000000075BEE000 00077B (v02 HUAWEI Tpm2Tabl 00001000 INTL 20160422)
[    0.008457] ACPI: TPM2 0x0000000075BED000 00004C (v04 HUAWEI TGL-ULT  00000002 ACPI 00040000)
[    0.008459] ACPI: MSDM 0x0000000075BEC000 000055 (v03 HUAWEI TGL-ULT  00000001 ACPI 00040000)
[    0.008462] ACPI: SSDT 0x0000000075BEB000 0006EF (v02 HUAWEI xh_tudd4 00000000 INTL 20160422)
[    0.008464] ACPI: NHLT 0x0000000075BE9000 001CF3 (v00 HUAWEI TGL-ULT  00000002 ACPI 00040000)
[    0.008466] ACPI: SSDT 0x0000000075BE8000 000D09 (v01 HUAWEI WmiTable 00001000 INTL 20160422)
[    0.008468] ACPI: LPIT 0x0000000075BE7000 0000CC (v01 HUAWEI TGL-ULT  00000002 ACPI 00040000)
[    0.008470] ACPI: WSMT 0x0000000075BE6000 000028 (v01 HUAWEI TGL-ULT  00000002 ACPI 00040000)
[    0.008472] ACPI: SSDT 0x0000000075BE5000 000B70 (v02 HUAWEI PtidDevc 00001000 INTL 20160422)
[    0.008475] ACPI: SSDT 0x0000000075BE4000 00012A (v02 HUAWEI TbtTypeC 00000000 INTL 20160422)
[    0.008477] ACPI: DBGP 0x0000000075BE3000 000034 (v01 HUAWEI TGL-ULT  00000002 ACPI 00040000)
[    0.008479] ACPI: DBG2 0x0000000075BE2000 000054 (v00 HUAWEI TGL-ULT  00000002 ACPI 00040000)
[    0.008481] ACPI: HPET 0x0000000075BE0000 000038 (v01 HUAWEI TGL-ULT  00000002 ACPI 00040000)
[    0.008483] ACPI: APIC 0x0000000075BDF000 00012C (v03 HUAWEI TGL-ULT  00000002 ACPI 00040000)
[    0.008485] ACPI: MCFG 0x0000000075BFD000 00003C (v01 HUAWEI TGL-ULT  00000002 ACPI 00040000)
[    0.008488] ACPI: SSDT 0x0000000075B9E000 003A1B (v02 HUAWEI TGL-ULT  00000002      01000013)
[    0.008490] ACPI: DMAR 0x0000000075B9D000 000088 (v02 HUAWEI TGL-ULT  00000002 ACPI 00040000)
[    0.008492] ACPI: SSDT 0x0000000075B9C000 0000F8 (v01 HUAWEI PcdTabl  00001000 INTL 20160422)
[    0.008494] ACPI: FPDT 0x0000000075B9B000 000044 (v01 HUAWEI TGL-ULT  00000002 ACPI 00040000)
[    0.008496] ACPI: WPBT 0x0000000075A9B000 00004C (v01 HUAWEI TGL-ULT  00000001 ACPI 00040000)
[    0.008498] ACPI: PTDT 0x0000000075A99000 000CFE (v00 HUAWEI TGL-ULT  00000005 ACPI 00040000)
[    0.008501] ACPI: BGRT 0x0000000075A9A000 000038 (v01 HUAWEI TGL-ULT  00000001 ACPI 00040000)
[    0.008502] ACPI: Reserving FACP table memory at [mem 0x75be1000-0x75be110b]
[    0.008503] ACPI: Reserving DSDT table memory at [mem 0x75ba2000-0x75bdd74c]
[    0.008504] ACPI: Reserving FACS table memory at [mem 0x758b3000-0x758b303f]
[    0.008504] ACPI: Reserving UEFI table memory at [mem 0x7593e000-0x7593e235]
[    0.008505] ACPI: Reserving SSDT table memory at [mem 0x75bfa000-0x75bfc55b]
[    0.008505] ACPI: Reserving SSDT table memory at [mem 0x75bf6000-0x75bf98a8]
[    0.008506] ACPI: Reserving SSDT table memory at [mem 0x75bf3000-0x75bf5fcf]
[    0.008506] ACPI: Reserving SSDT table memory at [mem 0x75bef000-0x75bf22db]
[    0.008507] ACPI: Reserving SSDT table memory at [mem 0x75bee000-0x75bee77a]
[    0.008507] ACPI: Reserving TPM2 table memory at [mem 0x75bed000-0x75bed04b]
[    0.008508] ACPI: Reserving MSDM table memory at [mem 0x75bec000-0x75bec054]
[    0.008508] ACPI: Reserving SSDT table memory at [mem 0x75beb000-0x75beb6ee]
[    0.008509] ACPI: Reserving NHLT table memory at [mem 0x75be9000-0x75beacf2]
[    0.008509] ACPI: Reserving SSDT table memory at [mem 0x75be8000-0x75be8d08]
[    0.008510] ACPI: Reserving LPIT table memory at [mem 0x75be7000-0x75be70cb]
[    0.008510] ACPI: Reserving WSMT table memory at [mem 0x75be6000-0x75be6027]
[    0.008511] ACPI: Reserving SSDT table memory at [mem 0x75be5000-0x75be5b6f]
[    0.008511] ACPI: Reserving SSDT table memory at [mem 0x75be4000-0x75be4129]
[    0.008512] ACPI: Reserving DBGP table memory at [mem 0x75be3000-0x75be3033]
[    0.008512] ACPI: Reserving DBG2 table memory at [mem 0x75be2000-0x75be2053]
[    0.008513] ACPI: Reserving HPET table memory at [mem 0x75be0000-0x75be0037]
[    0.008513] ACPI: Reserving APIC table memory at [mem 0x75bdf000-0x75bdf12b]
[    0.008514] ACPI: Reserving MCFG table memory at [mem 0x75bfd000-0x75bfd03b]
[    0.008515] ACPI: Reserving SSDT table memory at [mem 0x75b9e000-0x75ba1a1a]
[    0.008515] ACPI: Reserving DMAR table memory at [mem 0x75b9d000-0x75b9d087]
[    0.008516] ACPI: Reserving SSDT table memory at [mem 0x75b9c000-0x75b9c0f7]
[    0.008516] ACPI: Reserving FPDT table memory at [mem 0x75b9b000-0x75b9b043]
[    0.008517] ACPI: Reserving WPBT table memory at [mem 0x75a9b000-0x75a9b04b]
[    0.008517] ACPI: Reserving PTDT table memory at [mem 0x75a99000-0x75a99cfd]
[    0.008518] ACPI: Reserving BGRT table memory at [mem 0x75a9a000-0x75a9a037]
[    0.009059] No NUMA configuration found
[    0.009060] Faking a node at [mem 0x0000000000000000-0x0000000480bfffff]
[    0.009062] NODE_DATA(0) allocated [mem 0x480bfa000-0x480bfffff]
[    0.009079] Zone ranges:
[    0.009080]   DMA      [mem 0x0000000000001000-0x0000000000ffffff]
[    0.009081]   DMA32    [mem 0x0000000001000000-0x00000000ffffffff]
[    0.009082]   Normal   [mem 0x0000000100000000-0x0000000480bfffff]
[    0.009083]   Device   empty
[    0.009084] Movable zone start for each node
[    0.009084] Early memory node ranges
[    0.009085]   node   0: [mem 0x0000000000001000-0x000000000009efff]
[    0.009086]   node   0: [mem 0x0000000000100000-0x0000000069da8fff]
[    0.009086]   node   0: [mem 0x000000006a6a9000-0x00000000732befff]
[    0.009087]   node   0: [mem 0x0000000075bff000-0x0000000075bfffff]
[    0.009087]   node   0: [mem 0x0000000100000000-0x0000000480bfffff]
[    0.009089] Initmem setup node 0 [mem 0x0000000000001000-0x0000000480bfffff]
[    0.009092] On node 0, zone DMA: 1 pages in unavailable ranges
[    0.009108] On node 0, zone DMA: 97 pages in unavailable ranges
[    0.011207] On node 0, zone DMA32: 2304 pages in unavailable ranges
[    0.011272] On node 0, zone DMA32: 10560 pages in unavailable ranges
[    0.028305] On node 0, zone Normal: 9216 pages in unavailable ranges
[    0.028487] On node 0, zone Normal: 29696 pages in unavailable ranges
[    0.028545] Reserving Intel graphics memory at [mem 0x7b800000-0x7f3fffff]
[    0.029964] ACPI: PM-Timer IO Port: 0x1808
[    0.029970] ACPI: LAPIC_NMI (acpi_id[0x01] high edge lint[0x1])
[    0.029971] ACPI: LAPIC_NMI (acpi_id[0x02] high edge lint[0x1])
[    0.029972] ACPI: LAPIC_NMI (acpi_id[0x03] high edge lint[0x1])
[    0.029972] ACPI: LAPIC_NMI (acpi_id[0x04] high edge lint[0x1])
[    0.029972] ACPI: LAPIC_NMI (acpi_id[0x05] high edge lint[0x1])
[    0.029973] ACPI: LAPIC_NMI (acpi_id[0x06] high edge lint[0x1])
[    0.029973] ACPI: LAPIC_NMI (acpi_id[0x07] high edge lint[0x1])
[    0.029974] ACPI: LAPIC_NMI (acpi_id[0x08] high edge lint[0x1])
[    0.029974] ACPI: LAPIC_NMI (acpi_id[0x09] high edge lint[0x1])
[    0.029974] ACPI: LAPIC_NMI (acpi_id[0x0a] high edge lint[0x1])
[    0.029975] ACPI: LAPIC_NMI (acpi_id[0x0b] high edge lint[0x1])
[    0.029975] ACPI: LAPIC_NMI (acpi_id[0x0c] high edge lint[0x1])
[    0.029976] ACPI: LAPIC_NMI (acpi_id[0x0d] high edge lint[0x1])
[    0.029976] ACPI: LAPIC_NMI (acpi_id[0x0e] high edge lint[0x1])
[    0.029976] ACPI: LAPIC_NMI (acpi_id[0x0f] high edge lint[0x1])
[    0.029977] ACPI: LAPIC_NMI (acpi_id[0x10] high edge lint[0x1])
[    0.030095] IOAPIC[0]: apic_id 2, version 32, address 0xfec00000, GSI 0-119
[    0.030097] ACPI: INT_SRC_OVR (bus 0 bus_irq 0 global_irq 2 dfl dfl)
[    0.030098] ACPI: INT_SRC_OVR (bus 0 bus_irq 9 global_irq 9 high level)
[    0.030101] ACPI: Using ACPI (MADT) for SMP configuration information
[    0.030103] ACPI: HPET id: 0x8086a201 base: 0xfed00000
[    0.030108] e820: update [mem 0x6f11c000-0x6f149fff] usable ==> reserved
[    0.030116] TSC deadline timer available
[    0.030116] smpboot: Allowing 8 CPUs, 0 hotplug CPUs
[    0.030127] PM: hibernation: Registered nosave memory: [mem 0x00000000-0x00000fff]
[    0.030128] PM: hibernation: Registered nosave memory: [mem 0x0009f000-0x000fffff]
[    0.030129] PM: hibernation: Registered nosave memory: [mem 0x69da9000-0x6a6a8fff]
[    0.030130] PM: hibernation: Registered nosave memory: [mem 0x6efa1000-0x6efa1fff]
[    0.030131] PM: hibernation: Registered nosave memory: [mem 0x6f11c000-0x6f149fff]
[    0.030132] PM: hibernation: Registered nosave memory: [mem 0x6f1ad000-0x6f1adfff]
[    0.030133] PM: hibernation: Registered nosave memory: [mem 0x732bf000-0x7368efff]
[    0.030133] PM: hibernation: Registered nosave memory: [mem 0x7368f000-0x7510efff]
[    0.030134] PM: hibernation: Registered nosave memory: [mem 0x7510f000-0x7593efff]
[    0.030134] PM: hibernation: Registered nosave memory: [mem 0x7593f000-0x75bfefff]
[    0.030135] PM: hibernation: Registered nosave memory: [mem 0x75c00000-0x7f3fffff]
[    0.030136] PM: hibernation: Registered nosave memory: [mem 0x7f400000-0xfe00ffff]
[    0.030136] PM: hibernation: Registered nosave memory: [mem 0xfe010000-0xfe010fff]
[    0.030136] PM: hibernation: Registered nosave memory: [mem 0xfe011000-0xfed1ffff]
[    0.030137] PM: hibernation: Registered nosave memory: [mem 0xfed20000-0xfed7ffff]
[    0.030137] PM: hibernation: Registered nosave memory: [mem 0xfed80000-0xfeefffff]
[    0.030138] PM: hibernation: Registered nosave memory: [mem 0xfef00000-0xffffffff]
[    0.030139] [mem 0x7f400000-0xfe00ffff] available for PCI devices
[    0.030140] Booting paravirtualized kernel on bare hardware
[    0.030141] clocksource: refined-jiffies: mask: 0xffffffff max_cycles: 0xffffffff, max_idle_ns: 7645519600211568 ns
[    0.030145] setup_percpu: NR_CPUS:64 nr_cpumask_bits:8 nr_cpu_ids:8 nr_node_ids:1
[    0.030261] percpu: Embedded 61 pages/cpu s212992 r8192 d28672 u262144
[    0.030265] pcpu-alloc: s212992 r8192 d28672 u262144 alloc=1*2097152
[    0.030267] pcpu-alloc: [0] 0 1 2 3 4 5 6 7 
[    0.030281] Fallback order for Node 0: 0 
[    0.030283] Built 1 zonelists, mobility grouping on.  Total pages: 4077545
[    0.030284] Policy zone: Normal
[    0.030285] Kernel command line: BOOT_IMAGE=/vmlinuz-6.1.0-rc4 root=UUID=35aad111-9bc6-46c8-bbc7-38e501cad4d0 ro splash quiet DEEPIN_GFXMODE=
[    0.030350] Unknown kernel command line parameters "splash BOOT_IMAGE=/vmlinuz-6.1.0-rc4 DEEPIN_GFXMODE=", will be passed to user space.
[    0.030398] random: crng init done
[    0.030807] Dentry cache hash table entries: 2097152 (order: 12, 16777216 bytes, linear)
[    0.031012] Inode-cache hash table entries: 1048576 (order: 11, 8388608 bytes, linear)
[    0.031078] mem auto-init: stack:off, heap alloc:on, heap free:off
[    0.031085] software IO TLB: area num 8.
[    0.058988] Memory: 16020664K/16569720K available (16392K kernel code, 2753K rwdata, 5380K rodata, 2424K init, 4900K bss, 548796K reserved, 0K cma-reserved)
[    0.059093] SLUB: HWalign=64, Order=0-3, MinObjects=0, CPUs=8, Nodes=1
[    0.059103] ftrace: allocating 50652 entries in 198 pages
[    0.065258] ftrace: allocated 198 pages with 4 groups
[    0.065867] Dynamic Preempt: voluntary
[    0.065894] rcu: Preemptible hierarchical RCU implementation.
[    0.065895] rcu: 	RCU restricting CPUs from NR_CPUS=64 to nr_cpu_ids=8.
[    0.065896] 	Trampoline variant of Tasks RCU enabled.
[    0.065896] 	Rude variant of Tasks RCU enabled.
[    0.065897] 	Tracing variant of Tasks RCU enabled.
[    0.065897] rcu: RCU calculated value of scheduler-enlistment delay is 25 jiffies.
[    0.065898] rcu: Adjusting geometry for rcu_fanout_leaf=16, nr_cpu_ids=8
[    0.068735] NR_IRQS: 4352, nr_irqs: 2048, preallocated irqs: 16
[    0.069164] rcu: srcu_init: Setting srcu_struct sizes based on contention.
[    0.069703] Console: colour dummy device 80x25
[    0.069713] printk: console [tty0] enabled
[    0.069727] ACPI: Core revision 20220331
[    0.069895] hpet: HPET dysfunctional in PC10. Force disabled.
[    0.069896] APIC: Switch to symmetric I/O mode setup
[    0.069897] DMAR: Host address width 39
[    0.069898] DMAR: DRHD base: 0x000000fed90000 flags: 0x0
[    0.069904] DMAR: dmar0: reg_base_addr fed90000 ver 4:0 cap 1c0000c40660462 ecap 69e2ff0505e
[    0.069905] DMAR: DRHD base: 0x000000fed91000 flags: 0x1
[    0.069910] DMAR: dmar1: reg_base_addr fed91000 ver 1:0 cap d2008c40660462 ecap f050da
[    0.069912] DMAR: RMRR base: 0x0000007b000000 end: 0x0000007f3fffff
[    0.069914] DMAR-IR: IOAPIC id 2 under DRHD base  0xfed91000 IOMMU 1
[    0.069915] DMAR-IR: HPET id 0 under DRHD base 0xfed91000
[    0.069916] DMAR-IR: Queued invalidation will be enabled to support x2apic and Intr-remapping.
[    0.075122] DMAR-IR: Enabled IRQ remapping in x2apic mode
[    0.075123] x2apic enabled
[    0.075194] Switched APIC routing to cluster x2apic.
[    0.089671] clocksource: tsc-early: mask: 0xffffffffffffffff max_cycles: 0x22df1149949, max_idle_ns: 440795312789 ns
[    0.089678] Calibrating delay loop (skipped), value calculated using timer frequency.. 4838.40 BogoMIPS (lpj=9676800)
[    0.089680] pid_max: default: 32768 minimum: 301
[    0.092537] LSM: Security Framework initializing
[    0.092546] Yama: becoming mindful.
[    0.092565] AppArmor: AppArmor initialized
[    0.092604] Mount-cache hash table entries: 32768 (order: 6, 262144 bytes, linear)
[    0.092623] Mountpoint-cache hash table entries: 32768 (order: 6, 262144 bytes, linear)
[    0.092787] CPU0: Thermal monitoring enabled (TM1)
[    0.092789] x86/cpu: User Mode Instruction Prevention (UMIP) activated
[    0.092895] process: using mwait in idle threads
[    0.092897] Last level iTLB entries: 4KB 0, 2MB 0, 4MB 0
[    0.092897] Last level dTLB entries: 4KB 0, 2MB 0, 4MB 0, 1GB 0
[    0.092902] Spectre V1 : Mitigation: usercopy/swapgs barriers and __user pointer sanitization
[    0.092903] Spectre V2 : WARNING: Unprivileged eBPF is enabled with eIBRS on, data leaks possible via Spectre v2 BHB attacks!
[    0.092907] Spectre V2 : Mitigation: Enhanced IBRS
[    0.092908] Spectre V2 : Spectre v2 / SpectreRSB mitigation: Filling RSB on context switch
[    0.092908] Spectre V2 : Spectre v2 / PBRSB-eIBRS: Retire a single CALL on VMEXIT
[    0.092909] Spectre V2 : mitigation: Enabling conditional Indirect Branch Prediction Barrier
[    0.092910] Speculative Store Bypass: Mitigation: Speculative Store Bypass disabled via prctl
[    0.093674] Freeing SMP alternatives memory: 44K
[    0.093674] smpboot: CPU0: 11th Gen Intel(R) Core(TM) i5-1135G7 @ 2.40GHz (family: 0x6, model: 0x8c, stepping: 0x1)
[    0.093674] cblist_init_generic: Setting adjustable number of callback queues.
[    0.093674] cblist_init_generic: Setting shift to 3 and lim to 1.
[    0.093674] cblist_init_generic: Setting shift to 3 and lim to 1.
[    0.093674] cblist_init_generic: Setting shift to 3 and lim to 1.
[    0.093674] Performance Events: PEBS fmt4+-baseline,  AnyThread deprecated, Icelake events, 32-deep LBR, full-width counters, Intel PMU driver.
[    0.093674] ... version:                5
[    0.093674] ... bit width:              48
[    0.093674] ... generic registers:      8
[    0.093674] ... value mask:             0000ffffffffffff
[    0.093674] ... max period:             00007fffffffffff
[    0.093674] ... fixed-purpose events:   4
[    0.093674] ... event mask:             0001000f000000ff
[    0.093674] Estimated ratio of average max frequency by base frequency (times 1024): 1621
[    0.093674] rcu: Hierarchical SRCU implementation.
[    0.093674] rcu: 	Max phase no-delay instances is 1000.
[    0.093674] NMI watchdog: Enabled. Permanently consumes one hw-PMU counter.
[    0.093674] smp: Bringing up secondary CPUs ...
[    0.093674] x86: Booting SMP configuration:
[    0.093674] .... node  #0, CPUs:      #1 #2 #3 #4 #5 #6 #7
[    0.101721] smp: Brought up 1 node, 8 CPUs
[    0.101724] smpboot: Max logical packages: 1
[    0.101725] smpboot: Total of 8 processors activated (38707.20 BogoMIPS)
[    0.104990] devtmpfs: initialized
[    0.104990] x86/mm: Memory block size: 128MB
[    0.106394] ACPI: PM: Registering ACPI NVS region [mem 0x7510f000-0x7593efff] (8585216 bytes)
[    0.106394] clocksource: jiffies: mask: 0xffffffff max_cycles: 0xffffffff, max_idle_ns: 7645041785100000 ns
[    0.106394] futex hash table entries: 2048 (order: 5, 131072 bytes, linear)
[    0.106394] pinctrl core: initialized pinctrl subsystem
[    0.106394] PM: RTC time: 05:18:43, date: 2021-01-01
[    0.106712] NET: Registered PF_NETLINK/PF_ROUTE protocol family
[    0.106891] DMA: preallocated 2048 KiB GFP_KERNEL pool for atomic allocations
[    0.107008] DMA: preallocated 2048 KiB GFP_KERNEL|GFP_DMA pool for atomic allocations
[    0.107132] DMA: preallocated 2048 KiB GFP_KERNEL|GFP_DMA32 pool for atomic allocations
[    0.107137] audit: initializing netlink subsys (disabled)
[    0.107142] audit: type=2000 audit(1609478323.016:1): state=initialized audit_enabled=0 res=1
[    0.107142] thermal_sys: Registered thermal governor 'fair_share'
[    0.107142] thermal_sys: Registered thermal governor 'bang_bang'
[    0.107142] thermal_sys: Registered thermal governor 'step_wise'
[    0.107142] thermal_sys: Registered thermal governor 'user_space'
[    0.107142] EISA bus registered
[    0.107142] cpuidle: using governor ladder
[    0.107142] cpuidle: using governor menu
[    0.107142] acpiphp: ACPI Hot Plug PCI Controller Driver version: 0.5
[    0.107142] PCI: MMCONFIG for domain 0000 [bus 00-ff] at [mem 0xc0000000-0xcfffffff] (base 0xc0000000)
[    0.107142] PCI: not using MMCONFIG
[    0.107142] PCI: Using configuration type 1 for base access
[    0.107142] ENERGY_PERF_BIAS: Set to 'normal', was 'performance'
[    0.107142] kprobes: kprobe jump-optimization is enabled. All kprobes are optimized if possible.
[    0.107142] HugeTLB: registered 1.00 GiB page size, pre-allocated 0 pages
[    0.107142] HugeTLB: 16380 KiB vmemmap can be freed for a 1.00 GiB page
[    0.107142] HugeTLB: registered 2.00 MiB page size, pre-allocated 0 pages
[    0.107142] HugeTLB: 28 KiB vmemmap can be freed for a 2.00 MiB page
[    0.109716] fbcon: Taking over console
[    0.109728] ACPI: Added _OSI(Module Device)
[    0.109729] ACPI: Added _OSI(Processor Device)
[    0.109730] ACPI: Added _OSI(3.0 _SCP Extensions)
[    0.109730] ACPI: Added _OSI(Processor Aggregator Device)
[    0.154878] ACPI: 12 ACPI AML tables successfully acquired and loaded
[    0.166037] ACPI: Dynamic OEM Table Load:
[    0.166046] ACPI: SSDT 0xFFFF9548002B7400 0001C6 (v02 PmRef  Cpu0Psd  00003000 INTL 20160422)
[    0.166795] ACPI: \_SB_.PR00: _OSC native thermal LVT Acked
[    0.167406] ACPI: Dynamic OEM Table Load:
[    0.167411] ACPI: SSDT 0xFFFF954801512400 000386 (v02 PmRef  Cpu0Cst  00003001 INTL 20160422)
[    0.170175] ACPI: Dynamic OEM Table Load:
[    0.170180] ACPI: SSDT 0xFFFF954801218800 0005C3 (v02 PmRef  Cpu0Ist  00003000 INTL 20160422)
[    0.171057] ACPI: Dynamic OEM Table Load:
[    0.171061] ACPI: SSDT 0xFFFF954801513800 000266 (v02 PmRef  Cpu0Hwp  00003000 INTL 20160422)
[    0.172010] ACPI: Dynamic OEM Table Load:
[    0.172016] ACPI: SSDT 0xFFFF954800078000 0008E7 (v02 PmRef  ApIst    00003000 INTL 20160422)
[    0.172943] ACPI: Dynamic OEM Table Load:
[    0.172947] ACPI: SSDT 0xFFFF954801219800 00048A (v02 PmRef  ApHwp    00003000 INTL 20160422)
[    0.173792] ACPI: Dynamic OEM Table Load:
[    0.173796] ACPI: SSDT 0xFFFF95480151A800 0004D4 (v02 PmRef  ApPsd    00003000 INTL 20160422)
[    0.174633] ACPI: Dynamic OEM Table Load:
[    0.174637] ACPI: SSDT 0xFFFF95480151A000 00048A (v02 PmRef  ApCst    00003000 INTL 20160422)
[    0.177582] ACPI: EC: EC started
[    0.177583] ACPI: EC: interrupt blocked
[    0.699124] ACPI: EC: EC_CMD/EC_SC=0x66, EC_DATA=0x62
[    0.699126] ACPI: \_SB_.PC00.LPCB.EC0_: Boot DSDT EC used to handle transactions
[    0.699128] ACPI: Interpreter enabled
[    0.699198] ACPI: PM: (supports S0 S3 S4 S5)
[    0.699199] ACPI: Using IOAPIC for interrupt routing
[    0.699253] PCI: MMCONFIG for domain 0000 [bus 00-ff] at [mem 0xc0000000-0xcfffffff] (base 0xc0000000)
[    0.699984] PCI: MMCONFIG at [mem 0xc0000000-0xcfffffff] reserved in ACPI motherboard resources
[    0.699995] PCI: Using host bridge windows from ACPI; if necessary, use "pci=nocrs" and report a bug
[    0.699996] PCI: Using E820 reservations for host bridge windows
[    0.700459] ACPI: Enabled 7 GPEs in block 00 to 7F
[    0.705966] ACPI: PM: Power Resource [BTPR]
[    0.706730] ACPI: PM: Power Resource [PAUD]
[    0.713340] ACPI: PM: Power Resource [V0PR]
[    0.713449] ACPI: PM: Power Resource [V1PR]
[    0.713554] ACPI: PM: Power Resource [V2PR]
[    0.714165] ACPI: PM: Power Resource [PXTC]
[    0.714895] ACPI: PM: Power Resource [PTPL]
[    0.715488] ACPI: PM: Power Resource [PXTC]
[    0.716140] ACPI: PM: Power Resource [WRST]
[    0.718710] ACPI: PM: Power Resource [PIN]
[    0.718981] ACPI: PCI Root Bridge [PC00] (domain 0000 [bus 00-fe])
[    0.718986] acpi PNP0A08:00: _OSC: OS supports [ExtendedConfig ASPM ClockPM Segments MSI HPX-Type3]
[    0.725123] acpi PNP0A08:00: _OSC: OS now controls [PCIeHotplug SHPCHotplug PME AER PCIeCapability LTR]
[    0.729211] PCI host bridge to bus 0000:00
[    0.729213] pci_bus 0000:00: root bus resource [io  0x0000-0x0cf7 window]
[    0.729214] pci_bus 0000:00: root bus resource [io  0x0d00-0xffff window]
[    0.729215] pci_bus 0000:00: root bus resource [mem 0x000a0000-0x000bffff window]
[    0.729216] pci_bus 0000:00: root bus resource [mem 0x7f400000-0xbfffffff window]
[    0.729217] pci_bus 0000:00: root bus resource [mem 0x4000000000-0x7fffffffff window]
[    0.729218] pci_bus 0000:00: root bus resource [bus 00-fe]
[    0.729286] pci 0000:00:00.0: [8086:9a14] type 00 class 0x060000
[    0.729597] pci 0000:00:02.0: [8086:9a49] type 00 class 0x030000
[    0.729604] pci 0000:00:02.0: reg 0x10: [mem 0x6000000000-0x6000ffffff 64bit]
[    0.729610] pci 0000:00:02.0: reg 0x18: [mem 0x4000000000-0x400fffffff 64bit pref]
[    0.729613] pci 0000:00:02.0: reg 0x20: [io  0x3000-0x303f]
[    0.729626] pci 0000:00:02.0: BAR 2: assigned to efifb
[    0.729627] pci 0000:00:02.0: DMAR: Skip IOMMU disabling for graphics
[    0.729630] pci 0000:00:02.0: Video device with shadowed ROM at [mem 0x000c0000-0x000dffff]
[    0.729656] pci 0000:00:02.0: reg 0x344: [mem 0x00000000-0x00ffffff 64bit]
[    0.729658] pci 0000:00:02.0: VF(n) BAR0 space: [mem 0x00000000-0x06ffffff 64bit] (contains BAR0 for 7 VFs)
[    0.729662] pci 0000:00:02.0: reg 0x34c: [mem 0x00000000-0x1fffffff 64bit pref]
[    0.729662] pci 0000:00:02.0: VF(n) BAR2 space: [mem 0x00000000-0xdfffffff 64bit pref] (contains BAR2 for 7 VFs)
[    0.729836] pci 0000:00:04.0: [8086:9a03] type 00 class 0x118000
[    0.729854] pci 0000:00:04.0: reg 0x10: [mem 0x6001100000-0x600111ffff 64bit]
[    0.730371] pci 0000:00:14.0: [8086:a0ed] type 00 class 0x0c0330
[    0.730395] pci 0000:00:14.0: reg 0x10: [mem 0x7f500000-0x7f50ffff 64bit]
[    0.730487] pci 0000:00:14.0: PME# supported from D3hot D3cold
[    0.730832] pci 0000:00:14.2: [8086:a0ef] type 00 class 0x050000
[    0.730856] pci 0000:00:14.2: reg 0x10: [mem 0x6001128000-0x600112bfff 64bit]
[    0.730872] pci 0000:00:14.2: reg 0x18: [mem 0x6001131000-0x6001131fff 64bit]
[    0.731459] pci 0000:00:14.3: [8086:a0f0] type 00 class 0x028000
[    0.731943] pci 0000:00:14.3: reg 0x10: [mem 0x6001124000-0x6001127fff 64bit]
[    0.734349] pci 0000:00:14.3: PME# supported from D0 D3hot D3cold
[    0.736295] pci 0000:00:15.0: [8086:a0e8] type 00 class 0x0c8000
[    0.737144] pci 0000:00:15.0: reg 0x10: [mem 0x00000000-0x00000fff 64bit]
[    0.741096] pci 0000:00:15.1: [8086:a0e9] type 00 class 0x0c8000
[    0.741942] pci 0000:00:15.1: reg 0x10: [mem 0x00000000-0x00000fff 64bit]
[    0.745887] pci 0000:00:15.2: [8086:a0ea] type 00 class 0x0c8000
[    0.746733] pci 0000:00:15.2: reg 0x10: [mem 0x00000000-0x00000fff 64bit]
[    0.750205] pci 0000:00:16.0: [8086:a0e0] type 00 class 0x078000
[    0.750230] pci 0000:00:16.0: reg 0x10: [mem 0x600112d000-0x600112dfff 64bit]
[    0.750325] pci 0000:00:16.0: PME# supported from D3hot
[    0.750880] pci 0000:00:1d.0: [8086:a0b0] type 01 class 0x060400
[    0.751003] pci 0000:00:1d.0: PME# supported from D0 D3hot D3cold
[    0.751044] pci 0000:00:1d.0: PTM enabled (root), 4ns granularity
[    0.751713] pci 0000:00:1f.0: [8086:a082] type 00 class 0x060100
[    0.752078] pci 0000:00:1f.3: [8086:a0c8] type 00 class 0x040100
[    0.752142] pci 0000:00:1f.3: reg 0x10: [mem 0x6001120000-0x6001123fff 64bit]
[    0.752217] pci 0000:00:1f.3: reg 0x20: [mem 0x6001000000-0x60010fffff 64bit]
[    0.752373] pci 0000:00:1f.3: PME# supported from D3hot D3cold
[    0.752740] pci 0000:00:1f.4: [8086:a0a3] type 00 class 0x0c0500
[    0.752773] pci 0000:00:1f.4: reg 0x10: [mem 0x600112c000-0x600112c0ff 64bit]
[    0.752806] pci 0000:00:1f.4: reg 0x20: [io  0xefa0-0xefbf]
[    0.753074] pci 0000:00:1f.5: [8086:a0a4] type 00 class 0x0c8000
[    0.753094] pci 0000:00:1f.5: reg 0x10: [mem 0xfe010000-0xfe010fff]
[    0.753542] pci 0000:01:00.0: [1987:5012] type 00 class 0x010802
[    0.753598] pci 0000:01:00.0: reg 0x10: [mem 0x7f400000-0x7f403fff 64bit]
[    0.754359] pci 0000:00:1d.0: PCI bridge to [bus 01]
[    0.754364] pci 0000:00:1d.0:   bridge window [mem 0x7f400000-0x7f4fffff]
[    0.767844] Low-power S0 idle used by default for system suspend
[    0.768884] ACPI: EC: interrupt unblocked
[    0.768885] ACPI: EC: event unblocked
[    0.768914] ACPI: EC: EC_CMD/EC_SC=0x66, EC_DATA=0x62
[    0.768915] ACPI: EC: GPE=0x6e
[    0.768916] ACPI: \_SB_.PC00.LPCB.EC0_: Boot DSDT EC initialization complete
[    0.768917] ACPI: \_SB_.PC00.LPCB.EC0_: EC: Used to handle transactions and events
[    0.768959] iommu: Default domain type: Translated 
[    0.768959] iommu: DMA domain TLB invalidation policy: lazy mode 
[    0.768959] SCSI subsystem initialized
[    0.768959] libata version 3.00 loaded.
[    0.768959] ACPI: bus type USB registered
[    0.768959] usbcore: registered new interface driver usbfs
[    0.768959] usbcore: registered new interface driver hub
[    0.768959] usbcore: registered new device driver usb
[    0.768959] pps_core: LinuxPPS API ver. 1 registered
[    0.768959] pps_core: Software ver. 5.3.6 - Copyright 2005-2007 Rodolfo Giometti <giometti@linux.it>
[    0.768959] PTP clock support registered
[    0.768959] EDAC MC: Ver: 3.0.0
[    0.768959] Registered efivars operations
[    0.768959] NetLabel: Initializing
[    0.768959] NetLabel:  domain hash size = 128
[    0.768959] NetLabel:  protocols = UNLABELED CIPSOv4 CALIPSO
[    0.768959] NetLabel:  unlabeled traffic allowed by default
[    0.768959] PCI: Using ACPI for IRQ routing
[    0.792337] PCI: pci_cache_line_size set to 64 bytes
[    0.792438] pci 0000:00:1f.5: can't claim BAR 0 [mem 0xfe010000-0xfe010fff]: no compatible bridge window
[    0.792519] e820: reserve RAM buffer [mem 0x0009f000-0x0009ffff]
[    0.792521] e820: reserve RAM buffer [mem 0x69da9000-0x6bffffff]
[    0.792521] e820: reserve RAM buffer [mem 0x6efa1000-0x6fffffff]
[    0.792522] e820: reserve RAM buffer [mem 0x6f11c000-0x6fffffff]
[    0.792523] e820: reserve RAM buffer [mem 0x6f1ad000-0x6fffffff]
[    0.792523] e820: reserve RAM buffer [mem 0x732bf000-0x73ffffff]
[    0.792524] e820: reserve RAM buffer [mem 0x75c00000-0x77ffffff]
[    0.792524] e820: reserve RAM buffer [mem 0x480c00000-0x483ffffff]
[    0.792533] pci 0000:00:02.0: vgaarb: setting as boot VGA device
[    0.792533] pci 0000:00:02.0: vgaarb: bridge control possible
[    0.792533] pci 0000:00:02.0: vgaarb: VGA device added: decodes=io+mem,owns=io+mem,locks=none
[    0.792533] vgaarb: loaded
[    0.792533] clocksource: Switched to clocksource tsc-early
[    0.795404] VFS: Disk quotas dquot_6.6.0
[    0.795412] VFS: Dquot-cache hash table entries: 512 (order 0, 4096 bytes)
[    0.795479] AppArmor: AppArmor Filesystem Enabled
[    0.795488] pnp: PnP ACPI init
[    0.795667] system 00:00: [io  0x0680-0x069f] has been reserved
[    0.795669] system 00:00: [io  0x164e-0x164f] has been reserved
[    0.795777] system 00:02: [io  0x1854-0x1857] has been reserved
[    0.796354] pnp 00:04: disabling [mem 0xc0000000-0xcfffffff] because it overlaps 0000:00:02.0 BAR 9 [mem 0x00000000-0xdfffffff 64bit pref]
[    0.796370] system 00:04: [mem 0xfedc0000-0xfedc7fff] has been reserved
[    0.796372] system 00:04: [mem 0xfeda0000-0xfeda0fff] has been reserved
[    0.796373] system 00:04: [mem 0xfeda1000-0xfeda1fff] has been reserved
[    0.796374] system 00:04: [mem 0xfed20000-0xfed7ffff] could not be reserved
[    0.796375] system 00:04: [mem 0xfed90000-0xfed93fff] could not be reserved
[    0.796376] system 00:04: [mem 0xfed45000-0xfed8ffff] could not be reserved
[    0.796377] system 00:04: [mem 0xfee00000-0xfeefffff] has been reserved
[    0.796623] system 00:05: [io  0x1800-0x18fe] could not be reserved
[    0.796624] system 00:05: [mem 0xfe000000-0xfe01ffff] could not be reserved
[    0.796625] system 00:05: [mem 0xfe04c000-0xfe04ffff] has been reserved
[    0.796626] system 00:05: [mem 0xfe050000-0xfe0affff] has been reserved
[    0.796627] system 00:05: [mem 0xfe0d0000-0xfe0fffff] has been reserved
[    0.796628] system 00:05: [mem 0xfe200000-0xfe7fffff] has been reserved
[    0.796630] system 00:05: [mem 0xff000000-0xffffffff] has been reserved
[    0.796631] system 00:05: [mem 0xfd000000-0xfd68ffff] has been reserved
[    0.796632] system 00:05: [mem 0xfd6b0000-0xfd6cffff] has been reserved
[    0.796633] system 00:05: [mem 0xfd6f0000-0xfdffffff] has been reserved
[    0.796884] system 00:06: [io  0x2000-0x20fe] has been reserved
[    0.797215] pnp: PnP ACPI: found 8 devices
[    0.802418] clocksource: acpi_pm: mask: 0xffffff max_cycles: 0xffffff, max_idle_ns: 2085701024 ns
[    0.802454] NET: Registered PF_INET protocol family
[    0.802589] IP idents hash table entries: 262144 (order: 9, 2097152 bytes, linear)
[    0.804551] tcp_listen_portaddr_hash hash table entries: 8192 (order: 5, 131072 bytes, linear)
[    0.804577] Table-perturb hash table entries: 65536 (order: 6, 262144 bytes, linear)
[    0.804653] TCP established hash table entries: 131072 (order: 8, 1048576 bytes, linear)
[    0.804855] TCP bind hash table entries: 65536 (order: 9, 2097152 bytes, linear)
[    0.805009] TCP: Hash tables configured (established 131072 bind 65536)
[    0.805042] UDP hash table entries: 8192 (order: 6, 262144 bytes, linear)
[    0.805071] UDP-Lite hash table entries: 8192 (order: 6, 262144 bytes, linear)
[    0.805108] NET: Registered PF_UNIX/PF_LOCAL protocol family
[    0.805112] NET: Registered PF_XDP protocol family
[    0.805116] pci_bus 0000:00: max bus depth: 1 pci_try_num: 2
[    0.805121] clipped [mem size 0x00000000 64bit pref] to [mem size 0xfffffffffffa0000 64bit pref] for e820 entry [mem 0x0009f000-0x000fffff]
[    0.805124] pci 0000:00:02.0: BAR 9: assigned [mem 0x4020000000-0x40ffffffff 64bit pref]
[    0.805127] clipped [mem size 0x00000000 64bit] to [mem size 0xfffffffffffa0000 64bit] for e820 entry [mem 0x0009f000-0x000fffff]
[    0.805129] pci 0000:00:02.0: BAR 7: assigned [mem 0x4010000000-0x4016ffffff 64bit]
[    0.805130] clipped [mem size 0x00000000 64bit] to [mem size 0xfffffffffffa0000 64bit] for e820 entry [mem 0x0009f000-0x000fffff]
[    0.805132] pci 0000:00:15.0: BAR 0: assigned [mem 0x4017000000-0x4017000fff 64bit]
[    0.805187] clipped [mem size 0x00000000 64bit] to [mem size 0xfffffffffffa0000 64bit] for e820 entry [mem 0x0009f000-0x000fffff]
[    0.805188] pci 0000:00:15.1: BAR 0: assigned [mem 0x4017001000-0x4017001fff 64bit]
[    0.805247] clipped [mem size 0x00000000 64bit] to [mem size 0xfffffffffffa0000 64bit] for e820 entry [mem 0x0009f000-0x000fffff]
[    0.805249] pci 0000:00:15.2: BAR 0: assigned [mem 0x4017002000-0x4017002fff 64bit]
[    0.805308] clipped [mem size 0x00020000] to [mem size 0xfffffffffffc0000] for e820 entry [mem 0x0009f000-0x000fffff]
[    0.805309] pci 0000:00:1f.5: BAR 0: assigned [mem 0x7f510000-0x7f510fff]
[    0.805321] pci 0000:00:1d.0: PCI bridge to [bus 01]
[    0.805325] pci 0000:00:1d.0:   bridge window [mem 0x7f400000-0x7f4fffff]
[    0.805335] pci_bus 0000:00: resource 4 [io  0x0000-0x0cf7 window]
[    0.805337] pci_bus 0000:00: resource 5 [io  0x0d00-0xffff window]
[    0.805337] pci_bus 0000:00: resource 6 [mem 0x000a0000-0x000bffff window]
[    0.805338] pci_bus 0000:00: resource 7 [mem 0x7f400000-0xbfffffff window]
[    0.805339] pci_bus 0000:00: resource 8 [mem 0x4000000000-0x7fffffffff window]
[    0.805340] pci_bus 0000:01: resource 1 [mem 0x7f400000-0x7f4fffff]
[    0.807206] PCI: CLS 64 bytes, default 64
[    0.807218] PCI-DMA: Using software bounce buffering for IO (SWIOTLB)
[    0.807219] software IO TLB: mapped [mem 0x000000006aa0e000-0x000000006ea0e000] (64MB)
[    0.807233] Trying to unpack rootfs image as initramfs...
[    0.807270] resource sanity check: requesting [mem 0xfedc0000-0xfedcdfff], which spans more than pnp 00:04 [mem 0xfedc0000-0xfedc7fff]
[    0.807272] caller __uncore_imc_init_box+0xc3/0x110 mapping multiple BARs
[    0.817803] clocksource: tsc: mask: 0xffffffffffffffff max_cycles: 0x22df1149949, max_idle_ns: 440795312789 ns
[    0.817966] clocksource: Switched to clocksource tsc
[    0.818463] Initialise system trusted keyrings
[    0.818472] Key type blacklist registered
[    0.818538] workingset: timestamp_bits=40 max_order=22 bucket_order=0
[    0.820014] zbud: loaded
[    0.820345] squashfs: version 4.0 (2009/01/31) Phillip Lougher
[    0.820496] fuse: init (API version 7.37)
[    0.820651] integrity: Platform Keyring initialized
[    0.828773] Key type asymmetric registered
[    0.828775] Asymmetric key parser 'x509' registered
[    1.612386] Freeing initrd memory: 86648K
[    1.613394] modprobe (89) used greatest stack depth: 13000 bytes left
[    1.614434] alg: self-tests for CTR-KDF (hmac(sha256)) passed
[    1.614455] Block layer SCSI generic (bsg) driver version 0.4 loaded (major 245)
[    1.614456] io scheduler mq-deadline registered
[    1.614843] pcieport 0000:00:1d.0: PME: Signaling with IRQ 122
[    1.614930] pcieport 0000:00:1d.0: AER: enabled with IRQ 122
[    1.614956] pcieport 0000:00:1d.0: DPC: enabled with IRQ 122
[    1.614957] pcieport 0000:00:1d.0: DPC: error containment capabilities: Int Msg #0, RPExt+ PoisonedTLP+ SwTrigger+ RP PIO Log 4, DL_ActiveErr+
[    1.615044] shpchp: Standard Hot Plug PCI Controller Driver version: 0.4
[    1.615261] Monitor-Mwait will be used to enter C-1 state
[    1.615266] Monitor-Mwait will be used to enter C-2 state
[    1.615270] Monitor-Mwait will be used to enter C-3 state
[    1.615273] ACPI: \_SB_.PR00: Found 3 idle states
[    1.615669] ACPI: AC: AC Adapter [ACAD] (off-line)
[    1.615711] input: Power Button as /devices/LNXSYSTM:00/LNXSYBUS:00/PNP0C0C:00/input/input0
[    1.615725] ACPI: button: Power Button [PWRB]
[    1.615745] input: Lid Switch as /devices/LNXSYSTM:00/LNXSYBUS:00/PNP0C0D:00/input/input1
[    1.615755] ACPI: button: Lid Switch [LID0]
[    1.615776] input: Power Button as /devices/LNXSYSTM:00/LNXPWRBN:00/input/input2
[    1.615802] ACPI: button: Power Button [PWRF]
[    1.617040] thermal LNXTHERM:00: registered as thermal_zone0
[    1.617042] ACPI: thermal: Thermal Zone [TZ01] (50 C)
[    1.617309] Serial: 8250/16550 driver, 32 ports, IRQ sharing enabled
[    1.618099] ACPI: battery: Slot [BAT1] (battery present)
[    1.618207] hpet_acpi_add: no address or irqs in _CRS
[    1.618220] Linux agpgart interface v0.103
[    1.626059] loop: module loaded
[    1.626348] nvme nvme0: pci function 0000:01:00.0
[    1.626434] tun: Universal TUN/TAP device driver, 1.6
[    1.626451] PPP generic driver version 2.4.2
[    1.626475] VFIO - User Level meta-driver version: 0.3
[    1.626535] usbcore: registered new interface driver usbserial_generic
[    1.626538] usbserial: USB Serial support registered for generic
[    1.626555] i8042: PNP: PS/2 Controller [PNP0303:PS2K] at 0x60,0x64 irq 1
[    1.626556] i8042: PNP: PS/2 appears to have AUX port disabled, if this is incorrect please boot with i8042.nopnp
[    1.627646] serio: i8042 KBD port at 0x60,0x64 irq 1
[    1.627718] mousedev: PS/2 mouse device common for all mice
[    1.628122] usbcore: registered new interface driver bcm5974
[    1.628154] rtc_cmos 00:01: RTC can wake from S4
[    1.629019] rtc_cmos 00:01: registered as rtc0
[    1.629198] rtc_cmos 00:01: setting system clock to 2021-01-01T05:18:44 UTC (1609478324)
[    1.629207] rtc_cmos 00:01: alarms up to one month, y3k, 242 bytes nvram
[    1.629227] i2c_dev: i2c /dev entries driver
[    1.629410] device-mapper: core: CONFIG_IMA_DISABLE_HTABLE is disabled. Duplicate IMA measurements will not be recorded in the IMA log.
[    1.629425] device-mapper: uevent: version 1.0.3
[    1.629449] device-mapper: ioctl: 4.47.0-ioctl (2022-07-28) initialised: dm-devel@redhat.com
[    1.629458] platform eisa.0: Probing EISA bus 0
[    1.629459] platform eisa.0: EISA: Cannot allocate resource for mainboard
[    1.629460] platform eisa.0: Cannot allocate resource for EISA slot 1
[    1.629461] platform eisa.0: Cannot allocate resource for EISA slot 2
[    1.629461] platform eisa.0: Cannot allocate resource for EISA slot 3
[    1.629462] platform eisa.0: Cannot allocate resource for EISA slot 4
[    1.629463] platform eisa.0: Cannot allocate resource for EISA slot 5
[    1.629463] platform eisa.0: Cannot allocate resource for EISA slot 6
[    1.629464] platform eisa.0: Cannot allocate resource for EISA slot 7
[    1.629464] platform eisa.0: Cannot allocate resource for EISA slot 8
[    1.629465] platform eisa.0: EISA: Detected 0 cards
[    1.629468] intel_pstate: Intel P-state driver initializing
[    1.629801] intel_pstate: HWP enabled
[    1.629829] ledtrig-cpu: registered to indicate activity on CPUs
[    1.629841] efifb: probing for efifb
[    1.629851] efifb: showing boot graphics
[    1.631047] nvme nvme0: missing or invalid SUBNQN field.
[    1.631061] nvme nvme0: Shutdown timeout set to 10 seconds
[    1.631345] efifb: framebuffer at 0x4000000000, using 12160k, total 12160k
[    1.631346] efifb: mode is 2160x1440x32, linelength=8640, pages=1
[    1.631347] efifb: scrolling: redraw
[    1.631347] efifb: Truecolor: size=8:8:8:8, shift=24:16:8:0
[    1.631394] Console: switching to colour frame buffer device 135x45
[    1.632015] nvme nvme0: 8/0/0 default/read/poll queues
[    1.632770] nvme nvme0: Ignoring bogus Namespace Identifiers
[    1.633994]  nvme0n1: p1 p2 p3 p4 p5 p6 p7
[    1.634396] fb0: EFI VGA frame buffer device
[    1.634416] hid: raw HID events driver (C) Jiri Kosina
[    1.634498] intel_pmc_core INT33A1:00:  initialized
[    1.634614] drop_monitor: Initializing network drop monitor service
[    1.634748] NET: Registered PF_INET6 protocol family
[    1.636767] Segment Routing with IPv6
[    1.636771] In-situ OAM (IOAM) with IPv6
[    1.636783] NET: Registered PF_PACKET protocol family
[    1.636797] Key type dns_resolver registered
[    1.636802] start plist test
[    1.637577] end plist test
[    1.638069] microcode: sig=0x806c1, pf=0x80, revision=0xa4
[    1.638172] microcode: Microcode Update Driver: v2.2.
[    1.638218] input: AT Translated Set 2 keyboard as /devices/platform/i8042/serio0/input/input3
[    1.638266] resctrl: L2 allocation detected
[    1.638271] IPI shorthand broadcast: enabled
[    1.638287] sched_clock: Marking stable (1618249271, 20006486)->(1675849607, -37593850)
[    1.638441] registered taskstats version 1
[    1.638483] Loading compiled-in X.509 certificates
[    1.638957] Loaded X.509 cert 'Build time autogenerated kernel key: c4ceaa174b430b1ad6fe43b631f6b63ca748494f'
[    1.639188] zswap: loaded using pool lzo/zbud
[    1.639278] Key type .fscrypt registered
[    1.639278] Key type fscrypt-provisioning registered
[    1.639364] Key type trusted registered
[    1.641182] Key type encrypted registered
[    1.641184] AppArmor: AppArmor sha1 policy hashing enabled
[    1.643484] Loading compiled-in module X.509 certificates
[    1.643907] Loaded X.509 cert 'Build time autogenerated kernel key: c4ceaa174b430b1ad6fe43b631f6b63ca748494f'
[    1.643908] ima: Allocated hash algorithm: sha256
[    1.660961] ima: No architecture policies found
[    1.660979] evm: Initialising EVM extended attributes:
[    1.660979] evm: security.selinux
[    1.660980] evm: security.SMACK64
[    1.660981] evm: security.SMACK64EXEC
[    1.660981] evm: security.SMACK64TRANSMUTE
[    1.660981] evm: security.SMACK64MMAP
[    1.660982] evm: security.apparmor
[    1.660982] evm: security.ima
[    1.660983] evm: security.capability
[    1.660983] evm: HMAC attrs: 0x1
[    1.662020] PM:   Magic number: 5:840:313
[    1.662155] RAS: Correctable Errors collector initialized.
[    1.665269] Freeing unused decrypted memory: 2036K
[    1.665482] Freeing unused kernel image (initmem) memory: 2424K
[    1.749875] Write protecting the kernel read-only data: 24576k
[    1.750495] Freeing unused kernel image (text/rodata gap) memory: 2036K
[    1.750686] Freeing unused kernel image (rodata/data gap) memory: 764K
[    1.757167] x86/mm: Checked W+X mappings: passed, no W+X pages found.
[    1.757171] Run /init as init process
[    1.757172]   with arguments:
[    1.757173]     /init
[    1.757173]     splash
[    1.757174]   with environment:
[    1.757174]     HOME=/
[    1.757175]     TERM=linux
[    1.757175]     BOOT_IMAGE=/vmlinuz-6.1.0-rc4
[    1.757176]     DEEPIN_GFXMODE=
[    1.848340] xhci_hcd 0000:00:14.0: xHCI Host Controller
[    1.848348] xhci_hcd 0000:00:14.0: new USB bus registered, assigned bus number 1
[    1.849467] xhci_hcd 0000:00:14.0: hcc params 0x20007fc1 hci version 0x120 quirks 0x0000000200009810
[    1.849802] xhci_hcd 0000:00:14.0: xHCI Host Controller
[    1.849805] xhci_hcd 0000:00:14.0: new USB bus registered, assigned bus number 2
[    1.849807] xhci_hcd 0000:00:14.0: Host supports USB 3.1 Enhanced SuperSpeed
[    1.849843] usb usb1: New USB device found, idVendor=1d6b, idProduct=0002, bcdDevice= 6.01
[    1.849844] usb usb1: New USB device strings: Mfr=3, Product=2, SerialNumber=1
[    1.849846] usb usb1: Product: xHCI Host Controller
[    1.849847] usb usb1: Manufacturer: Linux 6.1.0-rc4 xhci-hcd
[    1.849848] usb usb1: SerialNumber: 0000:00:14.0
[    1.850038] hub 1-0:1.0: USB hub found
[    1.850066] hub 1-0:1.0: 12 ports detected
[    1.850943] i801_smbus 0000:00:1f.4: SPD Write Disable is set
[    1.851033] i801_smbus 0000:00:1f.4: SMBus using PCI interrupt
[    1.855684] i2c i2c-0: 8/8 memory slots populated (from DMI)
[    1.855686] i2c i2c-0: Systems with more than 4 memory slots not supported yet, not instantiating SPD
[    1.855975] usb usb2: New USB device found, idVendor=1d6b, idProduct=0003, bcdDevice= 6.01
[    1.855978] usb usb2: New USB device strings: Mfr=3, Product=2, SerialNumber=1
[    1.855980] usb usb2: Product: xHCI Host Controller
[    1.855981] usb usb2: Manufacturer: Linux 6.1.0-rc4 xhci-hcd
[    1.855983] usb usb2: SerialNumber: 0000:00:14.0
[    1.856160] hub 2-0:1.0: USB hub found
[    1.856186] hub 2-0:1.0: 4 ports detected
[    1.857485] usb: port power management may be unreliable
[    1.861689] intel-lpss 0000:00:15.0: enabling device (0004 -> 0006)
[    1.862040] idma64 idma64.0: Found Intel integrated DMA 64-bit
[    1.865882] ACPI: bus type drm_connector registered
[    1.881691] intel-lpss 0000:00:15.1: enabling device (0004 -> 0006)
[    1.882326] idma64 idma64.1: Found Intel integrated DMA 64-bit
[    1.897727] intel-lpss 0000:00:15.2: enabling device (0004 -> 0006)
[    1.898012] idma64 idma64.2: Found Intel integrated DMA 64-bit
[    1.978612] input: ELAN2841:00 04F3:2841 Touchscreen as /devices/pci0000:00/0000:00:15.1/i2c_designware.1/i2c-2/i2c-ELAN2841:00/0018:04F3:2841.0001/input/input4
[    1.978687] input: ELAN2841:00 04F3:2841 as /devices/pci0000:00/0000:00:15.1/i2c_designware.1/i2c-2/i2c-ELAN2841:00/0018:04F3:2841.0001/input/input5
[    1.978713] input: ELAN2841:00 04F3:2841 as /devices/pci0000:00/0000:00:15.1/i2c_designware.1/i2c-2/i2c-ELAN2841:00/0018:04F3:2841.0001/input/input6
[    1.978742] input: ELAN2841:00 04F3:2841 Stylus as /devices/pci0000:00/0000:00:15.1/i2c_designware.1/i2c-2/i2c-ELAN2841:00/0018:04F3:2841.0001/input/input7
[    1.978806] hid-generic 0018:04F3:2841.0001: input,hidraw0: I2C HID v1.00 Device [ELAN2841:00 04F3:2841] on i2c-ELAN2841:00
[    2.019504] input: FOCAL:00 2808:0101 Mouse as /devices/pci0000:00/0000:00:15.0/i2c_designware.0/i2c-1/i2c-FOCAL:00/0018:2808:0101.0002/input/input10
[    2.019650] input: FOCAL:00 2808:0101 Touchpad as /devices/pci0000:00/0000:00:15.0/i2c_designware.0/i2c-1/i2c-FOCAL:00/0018:2808:0101.0002/input/input11
[    2.019748] hid-generic 0018:2808:0101.0002: input,hidraw1: I2C HID v1.00 Mouse [FOCAL:00 2808:0101] on i2c-FOCAL:00
[    2.109785] usb 1-2: new full-speed USB device number 2 using xhci_hcd
[    2.181962] Console: switching to colour dummy device 80x25
[    2.181991] i915 0000:00:02.0: vgaarb: deactivate vga console
[    2.182039] i915 0000:00:02.0: [drm] Using Transparent Hugepages
[    2.183008] i915 0000:00:02.0: vgaarb: changed VGA decodes: olddecodes=io+mem,decodes=io+mem:owns=io+mem
[    2.183565] i915 0000:00:02.0: [drm] Finished loading DMC firmware i915/tgl_dmc_ver2_12.bin (v2.12)
[    2.269040] usb 1-2: New USB device found, idVendor=046d, idProduct=c52f, bcdDevice=30.00
[    2.269043] usb 1-2: New USB device strings: Mfr=1, Product=2, SerialNumber=0
[    2.269044] usb 1-2: Product: USB Receiver
[    2.269045] usb 1-2: Manufacturer: Logitech
[    2.279510] input: Logitech USB Receiver as /devices/pci0000:00/0000:00:14.0/usb1/1-2/1-2:1.0/0003:046D:C52F.0003/input/input13
[    2.279583] hid-generic 0003:046D:C52F.0003: input,hidraw2: USB HID v1.11 Mouse [Logitech USB Receiver] on usb-0000:00:14.0-2/input0
[    2.280666] input: Logitech USB Receiver Consumer Control as /devices/pci0000:00/0000:00:14.0/usb1/1-2/1-2:1.1/0003:046D:C52F.0004/input/input14
[    2.338224] hid-generic 0003:046D:C52F.0004: input,hiddev0,hidraw3: USB HID v1.11 Device [Logitech USB Receiver] on usb-0000:00:14.0-2/input1
[    2.338251] usbcore: registered new interface driver usbhid
[    2.338252] usbhid: USB HID core driver
[    2.339148] usbcore: registered new interface driver usbmouse
[    2.386257] logitech-djreceiver 0003:046D:C52F.0003: hidraw2: USB HID v1.11 Mouse [Logitech USB Receiver] on usb-0000:00:14.0-2/input0
[    2.397882] usb 1-3: new full-speed USB device number 3 using xhci_hcd
[    2.486405] logitech-djreceiver 0003:046D:C52F.0004: hiddev0,hidraw3: USB HID v1.11 Device [Logitech USB Receiver] on usb-0000:00:14.0-2/input1
[    2.547291] logitech-djreceiver 0003:046D:C52F.0004: device of type eQUAD step 4 DJ (0x04) connected on slot 1
[    2.547607] input: Logitech Wireless Mouse PID:4080 Mouse as /devices/pci0000:00/0000:00:14.0/usb1/1-2/1-2:1.1/0003:046D:C52F.0004/0003:046D:4080.0005/input/input17
[    2.547733] input: Logitech Wireless Mouse PID:4080 Consumer Control as /devices/pci0000:00/0000:00:14.0/usb1/1-2/1-2:1.1/0003:046D:C52F.0004/0003:046D:4080.0005/input/input18
[    2.547780] hid-generic 0003:046D:4080.0005: input,hidraw4: USB HID v1.11 Mouse [Logitech Wireless Mouse PID:4080] on usb-0000:00:14.0-2/input1:1
[    2.547872] usb 1-3: New USB device found, idVendor=27c6, idProduct=5125, bcdDevice= 2.00
[    2.547876] usb 1-3: New USB device strings: Mfr=1, Product=2, SerialNumber=3
[    2.547877] usb 1-3: Product: Goodix Fingerprint Device 
[    2.547878] usb 1-3: Manufacturer: Shenzhen Goodix Technology Co.,Ltd.
[    2.547879] usb 1-3: SerialNumber: 00000000001A
[    2.631551] input: Logitech M350 as /devices/pci0000:00/0000:00:14.0/usb1/1-2/1-2:1.1/0003:046D:C52F.0004/0003:046D:4080.0005/input/input22
[    2.631848] logitech-hidpp-device 0003:046D:4080.0005: input,hidraw4: USB HID v1.11 Mouse [Logitech M350] on usb-0000:00:14.0-2/input1:1
[    2.673843] usb 1-6: new high-speed USB device number 4 using xhci_hcd
[    2.823630] usb 1-6: New USB device found, idVendor=13d3, idProduct=5488, bcdDevice=21.03
[    2.823633] usb 1-6: New USB device strings: Mfr=3, Product=1, SerialNumber=2
[    2.823634] usb 1-6: Product: HD Camera
[    2.823635] usb 1-6: Manufacturer: Azurewave
[    2.823635] usb 1-6: SerialNumber: 0001
[    2.949696] usb 1-10: new full-speed USB device number 5 using xhci_hcd
[    3.099565] usb 1-10: New USB device found, idVendor=8087, idProduct=0026, bcdDevice= 0.02
[    3.099568] usb 1-10: New USB device strings: Mfr=0, Product=0, SerialNumber=0
[    3.192551] [drm] Initialized i915 1.6.0 20201103 for 0000:00:02.0 on minor 0
[    3.193683] ACPI: video: Video Device [GFX0] (multi-head: yes  rom: no  post: no)
[    3.193916] input: Video Bus as /devices/LNXSYSTM:00/LNXSYBUS:00/PNP0A08:00/LNXVIDEO:00/input/input23
[    3.195793] fbcon: i915drmfb (fb0) is primary device
[    3.207382] Console: switching to colour frame buffer device 135x45
[    3.227216] i915 0000:00:02.0: [drm] fb0: i915drmfb frame buffer device
[    3.321676] raid6: avx512x4 gen() 65902 MB/s
[    3.389676] raid6: avx512x2 gen() 74819 MB/s
[    3.457676] raid6: avx512x1 gen() 68629 MB/s
[    3.525677] raid6: avx2x4   gen() 56944 MB/s
[    3.593676] raid6: avx2x2   gen() 56944 MB/s
[    3.661676] raid6: avx2x1   gen() 45464 MB/s
[    3.661677] raid6: using algorithm avx512x2 gen() 74819 MB/s
[    3.729677] raid6: .... xor() 42482 MB/s, rmw enabled
[    3.729677] raid6: using avx512x2 recovery algorithm
[    3.730495] xor: automatically using best checksumming function   avx       
[    3.731094] async_tx: api initialized (async)
[    3.758112] i915 0000:00:02.0: [drm] Selective fetch area calculation failed in pipe A
[    3.841789] Btrfs loaded, crc32c=crc32c-intel, zoned=yes, fsverity=yes
[    3.872325] process '/usr/bin/fstype' started with executable stack
[    3.874621] PM: Image not found (code -22)
[    4.364096] fsck.ext4 (309) used greatest stack depth: 12944 bytes left
[    4.366158] EXT4-fs (nvme0n1p3): mounted filesystem with ordered data mode. Quota mode: none.
[    4.400022] EXT4-fs (nvme0n1p2): mounted filesystem with ordered data mode. Quota mode: none.
[    4.404848] systemd-udevd (232) used greatest stack depth: 11168 bytes left
[    4.410643] EXT4-fs (nvme0n1p2): unmounting filesystem.
[    4.476906] systemd[1]: RTC configured in localtime, applying delta of 480 minutes to system time.
[    4.476914] systemd[1]: System time before build time, advancing clock.
[    4.482686] systemd[1]: Inserted module 'autofs4'
[    4.637176] systemd[1]: systemd 250.2.2-4 running in system mode (+PAM +AUDIT +SELINUX +APPARMOR +IMA +SMACK +SECCOMP +GCRYPT +GNUTLS -OPENSSL +ACL +BLKID +CURL +ELFUTILS +FIDO2 +IDN2 -IDN +IPTC +KMOD +LIBCRYPTSETUP +LIBFDISK +PCRE2 -PWQUALITY -P11KIT -QRENCODE +BZIP2 +LZ4 +XZ +ZLIB +ZSTD -BPF_FRAMEWORK -XKBCOMMON +UTMP +SYSVINIT default-hierarchy=hybrid)
[    4.637254] systemd[1]: Detected architecture x86-64.
[    4.686579] systemd[1]: Hostname set to <uos-PC>.
[    4.751328] systemd[1]: /lib/systemd/system/plymouth-start.service:15: Unit configured to use KillMode=none. This is unsafe, as it disables systemd's process lifecycle management for the service. Please update your service to use a safer KillMode=, such as 'mixed' or 'control-group'. Support for KillMode=none is deprecated and will eventually be removed.
[    4.760818] systemd[1]: /lib/systemd/system/deepin-accounts-daemon.service:14: Standard output type syslog is obsolete, automatically updating to journal. Please update your unit file, and consider removing the setting altogether.
[    4.765610] systemd[1]: /lib/systemd/system/smartmontools.service:10: Standard output type syslog is obsolete, automatically updating to journal. Please update your unit file, and consider removing the setting altogether.
[    4.785793] systemd[1]: Queued start job for default target Graphical Interface.
[    4.825095] systemd[1]: Created slice Slice /system/getty.
[    4.825345] systemd[1]: Created slice Slice /system/modprobe.
[    4.825509] systemd[1]: Created slice Slice /system/systemd-fsck.
[    4.825636] systemd[1]: Created slice User and Session Slice.
[    4.825673] systemd[1]: Started Forward Password Requests to Wall Directory Watch.
[    4.825784] systemd[1]: Set up automount Arbitrary Executable File Formats File System Automount Point.
[    4.825840] systemd[1]: Reached target Local Integrity Protected Volumes.
[    4.825860] systemd[1]: Reached target User and Group Name Lookups.
[    4.825872] systemd[1]: Reached target Remote File Systems.
[    4.825883] systemd[1]: Reached target Slice Units.
[    4.825908] systemd[1]: Reached target Local Verity Protected Volumes.
[    4.825957] systemd[1]: Listening on Device-mapper event daemon FIFOs.
[    4.826025] systemd[1]: Listening on LVM2 poll daemon socket.
[    4.826067] systemd[1]: Listening on Syslog Socket.
[    4.826105] systemd[1]: Listening on fsck to fsckd communication Socket.
[    4.826132] systemd[1]: Listening on initctl Compatibility Named Pipe.
[    4.826197] systemd[1]: Listening on Journal Audit Socket.
[    4.826243] systemd[1]: Listening on Journal Socket (/dev/log).
[    4.826288] systemd[1]: Listening on Journal Socket.
[    4.826348] systemd[1]: Listening on udev Control Socket.
[    4.826391] systemd[1]: Listening on udev Kernel Socket.
[    4.826837] systemd[1]: Mounting Huge Pages File System...
[    4.827294] systemd[1]: Mounting POSIX Message Queue File System...
[    4.827791] systemd[1]: Mounting Kernel Debug File System...
[    4.828269] systemd[1]: Mounting Kernel Trace File System...
[    4.828924] systemd[1]: Starting Availability of block devices...
[    4.829469] systemd[1]: Starting Create List of Static Device Nodes...
[    4.829982] systemd[1]: Starting Monitoring of LVM2 mirrors, snapshots etc. using dmeventd or progress polling...
[    4.830478] systemd[1]: Starting Load Kernel Module configfs...
[    4.830975] systemd[1]: Starting Load Kernel Module drm...
[    4.831468] systemd[1]: Starting Load Kernel Module fuse...
[    4.831560] systemd[1]: File System Check on Root Device was skipped because of a failed condition check (ConditionPathExists=!/run/initramfs/fsck-root).
[    4.832403] systemd[1]: Starting Journal Service...
[    4.833700] systemd[1]: Starting Load Kernel Modules...
[    4.834590] systemd[1]: Starting Remount Root and Kernel File Systems...
[    4.834658] systemd[1]: Repartition Root Disk was skipped because all trigger condition checks failed.
[    4.835523] systemd[1]: Starting Coldplug All udev Devices...
[    4.837094] systemd[1]: Mounted Huge Pages File System.
[    4.837201] systemd[1]: Mounted POSIX Message Queue File System.
[    4.837263] systemd[1]: Mounted Kernel Debug File System.
[    4.837339] systemd[1]: Mounted Kernel Trace File System.
[    4.837582] systemd[1]: Finished Availability of block devices.
[    4.837813] systemd[1]: Finished Create List of Static Device Nodes.
[    4.837976] systemd[1]: modprobe@configfs.service: Deactivated successfully.
[    4.838102] systemd[1]: Finished Load Kernel Module configfs.
[    4.838233] systemd[1]: modprobe@drm.service: Deactivated successfully.
[    4.838347] systemd[1]: Finished Load Kernel Module drm.
[    4.838495] systemd[1]: modprobe@fuse.service: Deactivated successfully.
[    4.838623] systemd[1]: Finished Load Kernel Module fuse.
[    4.839432] systemd[1]: Mounting FUSE Control File System...
[    4.840167] systemd[1]: Mounting Kernel Configuration File System...
[    4.840493] systemd[1]: Finished Load Kernel Modules.
[    4.841215] EXT4-fs (nvme0n1p3): re-mounted. Quota mode: none.
[    4.842708] systemd[1]: Finished Remount Root and Kernel File Systems.
[    4.842832] systemd[1]: Mounted FUSE Control File System.
[    4.842890] systemd[1]: Mounted Kernel Configuration File System.
[    4.843706] systemd[1]: Starting Apply Kernel Variables...
[    4.843938] systemd-journald[377]: /etc/systemd/journald.conf:15: Assignment outside of section. Ignoring.
[    4.844496] systemd[1]: Starting Create System Users...
[    4.848594] systemd[1]: Finished Apply Kernel Variables.
[    4.853527] systemd[1]: Finished Create System Users.
[    4.854452] systemd[1]: Starting Create Static Device Nodes in /dev...
[    4.861359] systemd[1]: Finished Create Static Device Nodes in /dev.
[    4.862832] systemd[1]: Starting Rule-based Manager for Device Events and Files...
[    4.864660] systemd[1]: Started Journal Service.
[    4.935442] Consider using thermal netlink events interface
[    5.013940] iTCO_vendor_support: vendor-support=0
[    5.022850] mei_me 0000:00:16.0: enabling device (0000 -> 0002)
[    5.024181] pstore: Using crash dump compression: deflate
[    5.024710] input: PC Speaker as /devices/platform/pcspkr/input/input24
[    5.044831] huawei_wmi: loading out-of-tree module taints kernel.
[    5.044831] huawei_wmi: loading out-of-tree module taints kernel.
[    5.044872] huawei_wmi: module verification failed: signature and/or required key missing - tainting kernel
[    5.085000] Adding 16777212k swap on /dev/nvme0n1p7.  Priority:-2 extents:1 across:16777212k SSFS
[    5.104207] input: Huawei WMI hotkeys as /devices/platform/huawei-wmi/input/input25
[    5.104921] cfg80211: Loading compiled-in X.509 certificates for regulatory database
[    5.106799] iTCO_wdt iTCO_wdt: Found a Intel PCH TCO device (Version=6, TCOBASE=0x0400)
[    5.106904] iTCO_wdt iTCO_wdt: initialized. heartbeat=30 sec (nowayout=0)
[    5.107336] cfg80211: Loaded X.509 cert 'sforshee: 00b28ddf47aef9cea7'
[    5.109962] pstore: Registered efi as persistent store backend
[    5.123456] Intel(R) Wireless WiFi driver for Linux
[    5.125400] intel_rapl_common: Found RAPL domain package
[    5.126743] snd_hda_intel 0000:00:1f.3: DSP detected with PCI class/subclass/prog-if info 0x040100
[    5.133161] iwlwifi 0000:00:14.3: Direct firmware load for iwlwifi-QuZ-a0-hr-b0-72.ucode failed with error -2
[    5.133428] iwlwifi 0000:00:14.3: Direct firmware load for iwlwifi-QuZ-a0-hr-b0-71.ucode failed with error -2
[    5.133446] iwlwifi 0000:00:14.3: Direct firmware load for iwlwifi-QuZ-a0-hr-b0-70.ucode failed with error -2
[    5.133463] iwlwifi 0000:00:14.3: Direct firmware load for iwlwifi-QuZ-a0-hr-b0-69.ucode failed with error -2
[    5.133481] iwlwifi 0000:00:14.3: Direct firmware load for iwlwifi-QuZ-a0-hr-b0-68.ucode failed with error -2
[    5.133497] iwlwifi 0000:00:14.3: Direct firmware load for iwlwifi-QuZ-a0-hr-b0-67.ucode failed with error -2
[    5.133513] iwlwifi 0000:00:14.3: Direct firmware load for iwlwifi-QuZ-a0-hr-b0-66.ucode failed with error -2
[    5.133529] iwlwifi 0000:00:14.3: Direct firmware load for iwlwifi-QuZ-a0-hr-b0-65.ucode failed with error -2
[    5.133545] iwlwifi 0000:00:14.3: Direct firmware load for iwlwifi-QuZ-a0-hr-b0-64.ucode failed with error -2
[    5.134895] cryptd: max_cpu_qlen set to 1000
[    5.135761] iwlwifi 0000:00:14.3: api flags index 2 larger than supported by driver
[    5.135780] iwlwifi 0000:00:14.3: TLV_FW_FSEQ_VERSION: FSEQ Version: 89.3.35.37
[    5.136158] iwlwifi 0000:00:14.3: loaded firmware version 63.c04f3485.0 QuZ-a0-hr-b0-63.ucode op_mode iwlmvm
[    5.144764] AVX2 version of gcm_enc/dec engaged.
[    5.144808] AES CTR mode by8 optimization enabled
[    5.171589] EXT4-fs (nvme0n1p2): mounted filesystem with ordered data mode. Quota mode: none.
[    5.179146] Error: Driver 'pcspkr' is already registered, aborting...
[    5.207860] mc: Linux media interface: v0.10
[    5.215657] iwlwifi 0000:00:14.3: Detected Intel(R) Wi-Fi 6 AX201 160MHz, REV=0x351
[    5.216122] thermal thermal_zone8: failed to read out thermal zone (-61)
[    5.270790] input: ELAN2841:00 04F3:2841 as /devices/pci0000:00/0000:00:15.1/i2c_designware.1/i2c-2/i2c-ELAN2841:00/0018:04F3:2841.0001/input/input26
[    5.270927] input: ELAN2841:00 04F3:2841 UNKNOWN as /devices/pci0000:00/0000:00:15.1/i2c_designware.1/i2c-2/i2c-ELAN2841:00/0018:04F3:2841.0001/input/input27
[    5.270969] input: ELAN2841:00 04F3:2841 UNKNOWN as /devices/pci0000:00/0000:00:15.1/i2c_designware.1/i2c-2/i2c-ELAN2841:00/0018:04F3:2841.0001/input/input28
[    5.271014] input: ELAN2841:00 04F3:2841 Stylus as /devices/pci0000:00/0000:00:15.1/i2c_designware.1/i2c-2/i2c-ELAN2841:00/0018:04F3:2841.0001/input/input29
[    5.271093] hid-multitouch 0018:04F3:2841.0001: input,hidraw0: I2C HID v1.00 Device [ELAN2841:00 04F3:2841] on i2c-ELAN2841:00
[    5.272801] i2c_hid_acpi i2c-ELAN2841:00: i2c_hid_get_input: IRQ triggered but there's no data
[    5.282507] intel_rapl_msr: PL4 support detected.
[    5.282537] intel_rapl_common: Found RAPL domain package
[    5.282539] intel_rapl_common: Found RAPL domain core
[    5.282541] intel_rapl_common: Found RAPL domain uncore
[    5.282542] intel_rapl_common: Found RAPL domain psys
[    5.282723] mei_hdcp 0000:00:16.0-b638ab7e-94e2-4ea2-a552-d1c54b627f04: bound 0000:00:02.0 (ops i915_hdcp_component_ops [i915])
[    5.286165] videodev: Linux video capture interface: v2.00
[    5.299385] Bluetooth: Core ver 2.22
[    5.299409] NET: Registered PF_BLUETOOTH protocol family
[    5.299410] Bluetooth: HCI device and connection manager initialized
[    5.299414] Bluetooth: HCI socket layer initialized
[    5.299416] Bluetooth: L2CAP socket layer initialized
[    5.299419] Bluetooth: SCO socket layer initialized
[    5.326000] usbcore: registered new interface driver btusb
[    5.327314] Bluetooth: hci0: Bootloader revision 0.4 build 0 week 30 2018
[    5.328314] Bluetooth: hci0: Device revision is 2
[    5.328316] Bluetooth: hci0: Secure boot is enabled
[    5.328318] Bluetooth: hci0: OTP lock is enabled
[    5.328319] Bluetooth: hci0: API lock is enabled
[    5.328321] Bluetooth: hci0: Debug lock is disabled
[    5.328321] Bluetooth: hci0: Minimum firmware build 1 week 10 2014
[    5.329618] Bluetooth: hci0: Found device firmware: intel/ibt-19-0-4.sfi
[    5.329670] Bluetooth: hci0: Boot Address: 0x24800
[    5.329671] Bluetooth: hci0: Firmware Version: 118-17.22
[    5.338057] iwlwifi 0000:00:14.3: Detected RF HR B3, rfid=0x10a100
[    5.358929] usb 1-6: Found UVC 1.10 device HD Camera (13d3:5488)
[    5.359609] sof-audio-pci-intel-tgl 0000:00:1f.3: DSP detected with PCI class/subclass/prog-if info 0x040100
[    5.359701] snd_sof_pci:sof_pci_probe: sof-audio-pci-intel-tgl 0000:00:1f.3: PCI DSP detected
[    5.359716] sof-audio-pci-intel-tgl 0000:00:1f.3: enabling device (0000 -> 0002)
[    5.360000] sof-audio-pci-intel-tgl 0000:00:1f.3: DSP detected with PCI class/subclass/prog-if 0x040100
[    5.361159] input: HD Camera: HD Camera as /devices/pci0000:00/0000:00:14.0/usb1/1-6/1-6:1.0/input/input32
[    5.361632] sof-audio-pci-intel-tgl 0000:00:1f.3: bound 0000:00:02.0 (ops i915_audio_component_bind_ops [i915])
[    5.368319] snd_sof_intel_hda_common:hda_dsp_ctrl_get_caps: sof-audio-pci-intel-tgl 0000:00:1f.3: checking for capabilities at offset 0xc00
[    5.368325] snd_sof_intel_hda_common:hda_dsp_ctrl_get_caps: sof-audio-pci-intel-tgl 0000:00:1f.3: found ML capability at 0xc00
[    5.368327] snd_sof_intel_hda_common:hda_dsp_ctrl_get_caps: sof-audio-pci-intel-tgl 0000:00:1f.3: checking for capabilities at offset 0x800
[    5.368331] snd_sof_intel_hda_common:hda_dsp_ctrl_get_caps: sof-audio-pci-intel-tgl 0000:00:1f.3: found DSP capability at 0x800
[    5.368333] snd_sof_intel_hda_common:hda_dsp_ctrl_get_caps: sof-audio-pci-intel-tgl 0000:00:1f.3: checking for capabilities at offset 0x500
[    5.368337] snd_sof_intel_hda_common:hda_dsp_ctrl_get_caps: sof-audio-pci-intel-tgl 0000:00:1f.3: found GTS capability at 0x500
[    5.368338] snd_sof_intel_hda_common:hda_dsp_ctrl_get_caps: sof-audio-pci-intel-tgl 0000:00:1f.3: checking for capabilities at offset 0x1f00
[    5.368342] snd_sof_intel_hda_common:hda_dsp_ctrl_get_caps: sof-audio-pci-intel-tgl 0000:00:1f.3: found DRSM capability at 0x1f00
[    5.368344] snd_sof_intel_hda_common:hda_dsp_ctrl_get_caps: sof-audio-pci-intel-tgl 0000:00:1f.3: checking for capabilities at offset 0x700
[    5.368348] snd_sof_intel_hda_common:hda_dsp_ctrl_get_caps: sof-audio-pci-intel-tgl 0000:00:1f.3: found SPIB capability at 0x700
[    5.368368] snd_sof_intel_hda_common:hda_dsp_stream_init: sof-audio-pci-intel-tgl 0000:00:1f.3: hda global caps = 0x1009701
[    5.368370] snd_sof_intel_hda_common:hda_dsp_stream_init: sof-audio-pci-intel-tgl 0000:00:1f.3: detected 9 playback and 7 capture streams
[    5.368450] sof-audio-pci-intel-tgl 0000:00:1f.3: use msi interrupt mode
[    5.368452] snd_sof_intel_hda_common:hda_dsp_probe: sof-audio-pci-intel-tgl 0000:00:1f.3: using IPC IRQ 150
[    5.368504] snd_sof:snd_sof_pci_update_bits_unlocked: sof-audio-pci-intel-tgl 0000:00:1f.3: Debug PCIR: 00000000 at  00000044
[    5.368507] snd_sof_intel_hda_common:hda_init_caps: sof-audio-pci-intel-tgl 0000:00:1f.3: PP capability, will probe DSP later.
[    5.371401] snd_sof:snd_sof_pci_update_bits_unlocked: sof-audio-pci-intel-tgl 0000:00:1f.3: Debug PCIR: 00000040 at  00000048
[    5.371406] snd_sof:snd_sof_pci_update_bits_unlocked: sof-audio-pci-intel-tgl 0000:00:1f.3: Debug PCIW: 00000000 at  00000048
[    5.375639] snd_sof_intel_hda_common:hda_dsp_ctrl_init_chip: sof-audio-pci-intel-tgl 0000:00:1f.3: codec_mask = 0x4
[    5.375650] snd_sof:snd_sof_pci_update_bits_unlocked: sof-audio-pci-intel-tgl 0000:00:1f.3: Debug PCIR: 00000000 at  00000048
[    5.375653] snd_sof:snd_sof_pci_update_bits_unlocked: sof-audio-pci-intel-tgl 0000:00:1f.3: Debug PCIW: 00000040 at  00000048
[    5.377173] snd_intel_sdw_acpi:sdw_intel_scan_controller: acpi PRP00001:00: ACPI reports 4 SDW Link devices
[    5.377176] snd_intel_sdw_acpi:sdw_intel_scan_controller: acpi PRP00001:00: Link 0 not selected in firmware
[    5.377179] snd_intel_sdw_acpi:sdw_intel_scan_controller: acpi PRP00001:00: Link 1 not selected in firmware
[    5.377181] snd_intel_sdw_acpi:sdw_intel_scan_controller: acpi PRP00001:00: Link 2 not selected in firmware
[    5.377183] snd_intel_sdw_acpi:sdw_intel_scan_controller: acpi PRP00001:00: Link 3 not selected in firmware
[    5.377185] snd_sof_intel_hda_common:hda_init_caps: sof-audio-pci-intel-tgl 0000:00:1f.3: skipping SoundWire, no links enabled
[    5.377263] snd_sof_intel_hda:hda_codec_probe: sof-audio-pci-intel-tgl 0000:00:1f.3: HDA codec #2 probed OK: response: 80862812
[    5.378851] snd_sof_intel_hda:request_codec_module: hdaudio ehdaudio0D2: loading codec module: hdaudio:v80862812r00100000a01

[    5.381650] snd_sof:sof_set_fw_state: sof-audio-pci-intel-tgl 0000:00:1f.3: fw_state change: 0 -> 1
[    5.381823] snd_intel_dspcfg:intel_nhlt_get_dmic_geo: sof-audio-pci-intel-tgl 0000:00:1f.3: found 2 format definitions
[    5.381825] snd_intel_dspcfg:intel_nhlt_get_dmic_geo: sof-audio-pci-intel-tgl 0000:00:1f.3: max channels found 2
[    5.381827] snd_intel_dspcfg:intel_nhlt_get_dmic_geo: sof-audio-pci-intel-tgl 0000:00:1f.3: Array with 2 dmics
[    5.381829] snd_intel_dspcfg:intel_nhlt_get_dmic_geo: sof-audio-pci-intel-tgl 0000:00:1f.3: dmic number 2 max_ch 2
[    5.381832] sof-audio-pci-intel-tgl 0000:00:1f.3: NHLT_DEVICE_I2S detected, ssp_mask 0x1
[    5.381834] snd_sof_intel_hda_common:hda_machine_select: sof-audio-pci-intel-tgl 0000:00:1f.3: MCLK mask 0x1 found in NHLT
[    5.381836] sof-audio-pci-intel-tgl 0000:00:1f.3: Overriding topology with MCLK mask 0x1 from NHLT
[    5.381837] sof-audio-pci-intel-tgl 0000:00:1f.3: hda codecs found, mask 4
[    5.381847] snd_sof:snd_sof_load_firmware: sof-audio-pci-intel-tgl 0000:00:1f.3: loading firmware
[    5.382817] snd_sof:snd_sof_load_firmware_raw: sof-audio-pci-intel-tgl 0000:00:1f.3: request_firmware intel/sof/sof-tgl.ri successful
[    5.382820] snd_sof:ipc3_fw_ext_man_size: sof-audio-pci-intel-tgl 0000:00:1f.3: Unexpected extended manifest magic number: 0x44504324
[    5.382823] snd_sof:snd_sof_load_firmware_raw: sof-audio-pci-intel-tgl 0000:00:1f.3: firmware doesn't contain extended manifest
[    5.382824] snd_sof:sof_set_fw_state: sof-audio-pci-intel-tgl 0000:00:1f.3: fw_state change: 1 -> 2
[    5.382832] snd_sof:snd_sof_pci_update_bits_unlocked: sof-audio-pci-intel-tgl 0000:00:1f.3: Debug PCIR: 00000002 at  00000048
[    5.382837] snd_sof:snd_sof_pci_update_bits_unlocked: sof-audio-pci-intel-tgl 0000:00:1f.3: Debug PCIW: 00000000 at  00000048
[    5.382844] snd_sof:snd_sof_pci_update_bits_unlocked: sof-audio-pci-intel-tgl 0000:00:1f.3: Debug PCIR: 00000000 at  00000044
[    5.382848] snd_sof:snd_sof_pci_update_bits_unlocked: sof-audio-pci-intel-tgl 0000:00:1f.3: Debug PCIW: 00000004 at  00000044
[    5.382850] snd_sof:snd_sof_run_firmware: sof-audio-pci-intel-tgl 0000:00:1f.3: booting DSP firmware
[    5.382885] snd_sof_intel_hda_common:hda_dsp_stream_setup_bdl: sof-audio-pci-intel-tgl 0000:00:1f.3: period_bytes:0x0
[    5.382887] snd_sof_intel_hda_common:hda_dsp_stream_setup_bdl: sof-audio-pci-intel-tgl 0000:00:1f.3: periods:1
[    5.382929] snd_sof_intel_hda_common:hda_dsp_stream_hw_params: sof-audio-pci-intel-tgl 0000:00:1f.3: FW Poll Status: reg[0x160]=0x40000 successful
[    5.382944] snd_sof_intel_hda_common:hda_dsp_stream_hw_params: sof-audio-pci-intel-tgl 0000:00:1f.3: FW Poll Status: reg[0x160]=0x40000 successful
[    5.382947] snd_sof_intel_hda_common:hda_dsp_stream_setup_bdl: sof-audio-pci-intel-tgl 0000:00:1f.3: period_bytes:0x0
[    5.382948] snd_sof_intel_hda_common:hda_dsp_stream_setup_bdl: sof-audio-pci-intel-tgl 0000:00:1f.3: periods:1
[    5.382975] snd_sof_intel_hda_common:hda_dsp_cl_boot_firmware: sof-audio-pci-intel-tgl 0000:00:1f.3: Attempting iteration 0 of Core En/ROM load...
[    5.383487] snd_sof_intel_hda_common:hda_dsp_core_power_up: sof-audio-pci-intel-tgl 0000:00:1f.3: FW Poll Status: reg[0x4]=0xf010f0f successful
[    5.383497] snd_sof_intel_hda_common:hda_dsp_core_reset_leave: sof-audio-pci-intel-tgl 0000:00:1f.3: FW Poll Status: reg[0x4]=0xf010f0e successful
[    5.383500] snd_sof_intel_hda_common:hda_dsp_core_run: sof-audio-pci-intel-tgl 0000:00:1f.3: unstall/run core: core_mask = 1
[    5.383504] snd_sof_intel_hda_common:hda_dsp_core_is_enabled: sof-audio-pci-intel-tgl 0000:00:1f.3: DSP core(s) enabled? 1 : core_mask 1
[    5.384013] snd_sof_intel_hda_common:cl_dsp_init: sof-audio-pci-intel-tgl 0000:00:1f.3: FW Poll Status: reg[0xd4]=0x80000000 successful
[    5.402945] iwlwifi 0000:00:14.3: base HW address: 70:cf:49:51:66:89
[    5.415804] iwlwifi 0000:00:14.3: iwlmvm doesn't allow to disable BT Coex, check bt_coex_active module parameter
[    5.418165] iwlwifi 0000:00:14.3 wlp0s20f3: renamed from wlan0
[    5.425765] usbcore: registered new interface driver uvcvideo
[    5.442192] snd_sof_intel_hda_common:cl_dsp_init: sof-audio-pci-intel-tgl 0000:00:1f.3: FW Poll Status: reg[0x80000]=0x5000001 successful
[    5.446223] input: FOCAL:00 2808:0101 Mouse as /devices/pci0000:00/0000:00:15.0/i2c_designware.0/i2c-1/i2c-FOCAL:00/0018:2808:0101.0002/input/input33
[    5.446280] input: FOCAL:00 2808:0101 Touchpad as /devices/pci0000:00/0000:00:15.0/i2c_designware.0/i2c-1/i2c-FOCAL:00/0018:2808:0101.0002/input/input34
[    5.446338] hid-multitouch 0018:2808:0101.0002: input,hidraw1: I2C HID v1.00 Mouse [FOCAL:00 2808:0101] on i2c-FOCAL:00
[    5.459753] snd_sof_intel_hda_common:hda_cl_copy_fw: sof-audio-pci-intel-tgl 0000:00:1f.3: FW Poll Status: reg[0x80000]=0x5 successful
[    5.460283] snd_sof_intel_hda_common:hda_dsp_stream_trigger: sof-audio-pci-intel-tgl 0000:00:1f.3: FW Poll Status: reg[0x160]=0x140000 successful
[    5.460288] snd_sof_intel_hda_common:hda_dsp_cl_boot_firmware: sof-audio-pci-intel-tgl 0000:00:1f.3: Firmware download successful, booting...
[    5.468727] snd_sof:ipc3_log_header: sof-audio-pci-intel-tgl 0000:00:1f.3: ipc rx: 0x70000000
[    5.468730] snd_sof:ipc3_fw_ready: sof-audio-pci-intel-tgl 0000:00:1f.3: DSP is ready 0x70000000 offset 0x81000
[    5.468805] sof-audio-pci-intel-tgl 0000:00:1f.3: Firmware info: version 1:6:0-18fab
[    5.468806] sof-audio-pci-intel-tgl 0000:00:1f.3: Firmware: ABI 3:17:0 Kernel ABI 3:23:0
[    5.469077] snd_sof:ipc3_fw_parse_ext_data: sof-audio-pci-intel-tgl 0000:00:1f.3: found ext header type 1 size 0x190
[    5.469143] snd_sof:ipc3_fw_parse_ext_data: sof-audio-pci-intel-tgl 0000:00:1f.3: found ext header type 2 size 0x5c
[    5.469144] snd_sof:sof_ipc3_get_cc_info: sof-audio-pci-intel-tgl 0000:00:1f.3: Firmware info: used compiler XCC 12:0:8 <RG-2017.8-linux> used optimization flags O2
[    5.469167] snd_sof:ipc3_fw_parse_ext_data: sof-audio-pci-intel-tgl 0000:00:1f.3: found ext header type 3 size 0x1c
[    5.469179] snd_sof:ipc3_fw_parse_ext_data: sof-audio-pci-intel-tgl 0000:00:1f.3: found ext header type 4 size 0x10
[    5.469197] snd_sof:ipc3_get_windows: sof-audio-pci-intel-tgl 0000:00:1f.3:  mailbox upstream 0x81000 - size 0x1000
[    5.469198] snd_sof:ipc3_get_windows: sof-audio-pci-intel-tgl 0000:00:1f.3:  mailbox downstream 0xa0000 - size 0x2000
[    5.469199] snd_sof:ipc3_get_windows: sof-audio-pci-intel-tgl 0000:00:1f.3:  stream region 0xc1000 - size 0x1000
[    5.469200] snd_sof:ipc3_get_windows: sof-audio-pci-intel-tgl 0000:00:1f.3:  debug region 0xc0000 - size 0x800
[    5.469201] snd_sof:sof_set_fw_state: sof-audio-pci-intel-tgl 0000:00:1f.3: fw_state change: 2 -> 5
[    5.469279] snd_sof:ipc3_log_header: sof-audio-pci-intel-tgl 0000:00:1f.3: ipc rx done: 0x70000000
[    5.469304] snd_sof:snd_sof_pci_update_bits_unlocked: sof-audio-pci-intel-tgl 0000:00:1f.3: Debug PCIR: 00000000 at  00000048
[    5.469309] snd_sof:snd_sof_pci_update_bits_unlocked: sof-audio-pci-intel-tgl 0000:00:1f.3: Debug PCIW: 00000002 at  00000048
[    5.469316] snd_sof:snd_sof_pci_update_bits_unlocked: sof-audio-pci-intel-tgl 0000:00:1f.3: Debug PCIR: 00000004 at  00000044
[    5.469320] snd_sof:snd_sof_pci_update_bits_unlocked: sof-audio-pci-intel-tgl 0000:00:1f.3: Debug PCIW: 00000000 at  00000044
[    5.469321] snd_sof:snd_sof_run_firmware: sof-audio-pci-intel-tgl 0000:00:1f.3: firmware boot complete
[    5.469322] snd_sof:sof_set_fw_state: sof-audio-pci-intel-tgl 0000:00:1f.3: fw_state change: 5 -> 6
[    5.469323] snd_sof:sof_probe_continue: sof-audio-pci-intel-tgl 0000:00:1f.3: SOF firmware trace disabled
[    5.469370] snd_sof:sof_machine_register: sof-audio-pci-intel-tgl 0000:00:1f.3: created machine sof-essx8336
[    5.469381] snd_sof_pci:sof_pci_probe_complete: sof-audio-pci-intel-tgl 0000:00:1f.3: Completing SOF PCI probe
[    5.515107] sof-essx8336 sof-essx8336: quirk mask 0x20
[    5.515110] sof-essx8336 sof-essx8336: quirk SSP0
[    5.515111] sof-essx8336 sof-essx8336: quirk DMIC enabled
[    5.515319] snd_sof:snd_sof_load_topology: sof-audio-pci-intel-tgl 0000:00:1f.3: loading topology:intel/sof-tplg/sof-tgl-es8336-dmic2ch-ssp0.tplg
[    5.515661] sof-audio-pci-intel-tgl 0000:00:1f.3: Topology: ABI 3:23:0 Kernel ABI 3:23:0
[    5.515665] snd_sof:sof_widget_ready: sof-audio-pci-intel-tgl 0000:00:1f.3: tplg: ready widget id 0 pipe 1 type 23 name : PCM0P stream Passthrough Playback 0
[    5.515670] snd_sof:sof_control_load: sof-audio-pci-intel-tgl 0000:00:1f.3: tplg: load control type 1 name : 1 Master Playback Volume
[    5.515674] snd_sof:sof_control_load_volume: sof-audio-pci-intel-tgl 0000:00:1f.3: tplg: load kcontrol index 1 chans 2
[    5.515675] snd_sof:sof_widget_ready: sof-audio-pci-intel-tgl 0000:00:1f.3: tplg: ready widget id 1 pipe 1 type 6 name : PGA1.0 stream none
[    5.515677] snd_sof:sof_widget_ready: sof-audio-pci-intel-tgl 0000:00:1f.3: tplg: ready widget id 2 pipe 1 type 31 name : BUF1.0 stream none
[    5.515679] snd_sof:sof_widget_ready: sof-audio-pci-intel-tgl 0000:00:1f.3: tplg: ready widget id 3 pipe 1 type 31 name : BUF1.1 stream none
[    5.515680] snd_sof:sof_widget_ready: sof-audio-pci-intel-tgl 0000:00:1f.3: tplg: ready widget id 4 pipe 1 type 27 name : SSP0.OUT stream SSP0-Codec
[    5.515682] snd_sof:sof_connect_dai_widget: sof-audio-pci-intel-tgl 0000:00:1f.3: tplg: connected widget SSP0.OUT -> DAI link SSP0-Codec
[    5.515684] snd_sof:sof_widget_ready: sof-audio-pci-intel-tgl 0000:00:1f.3: tplg: ready widget id 5 pipe 1 type 32 name : PIPELINE.1.SSP0.OUT stream SSP0.OUT
[    5.515686] snd_sof:sof_widget_ready: sof-audio-pci-intel-tgl 0000:00:1f.3: tplg: ready widget id 6 pipe 2 type 24 name : PCM0C stream Low Latency Capture 0
[    5.515689] snd_sof:sof_control_load: sof-audio-pci-intel-tgl 0000:00:1f.3: tplg: load control type 1 name : 2 PCM 0 Capture Volume
[    5.515691] snd_sof:sof_control_load_volume: sof-audio-pci-intel-tgl 0000:00:1f.3: tplg: load kcontrol index 7 chans 2
[    5.515693] snd_sof:sof_widget_ready: sof-audio-pci-intel-tgl 0000:00:1f.3: tplg: ready widget id 7 pipe 2 type 6 name : PGA2.0 stream none
[    5.515695] snd_sof:sof_widget_ready: sof-audio-pci-intel-tgl 0000:00:1f.3: tplg: ready widget id 8 pipe 2 type 31 name : BUF2.0 stream none
[    5.515696] snd_sof:sof_widget_ready: sof-audio-pci-intel-tgl 0000:00:1f.3: tplg: ready widget id 9 pipe 2 type 31 name : BUF2.1 stream none
[    5.515698] snd_sof:sof_widget_ready: sof-audio-pci-intel-tgl 0000:00:1f.3: tplg: ready widget id 10 pipe 2 type 28 name : SSP0.IN stream SSP0-Codec
[    5.515699] snd_sof:sof_connect_dai_widget: sof-audio-pci-intel-tgl 0000:00:1f.3: tplg: connected widget SSP0.IN -> DAI link SSP0-Codec
[    5.515701] snd_sof:sof_widget_ready: sof-audio-pci-intel-tgl 0000:00:1f.3: tplg: ready widget id 11 pipe 2 type 32 name : PIPELINE.2.SSP0.IN stream SSP0.IN
[    5.515702] snd_sof:sof_widget_ready: sof-audio-pci-intel-tgl 0000:00:1f.3: tplg: ready widget id 12 pipe 3 type 24 name : PCM1C stream Highpass Capture 1
[    5.515704] snd_sof:sof_control_load: sof-audio-pci-intel-tgl 0000:00:1f.3: tplg: load control type 1 name : Capture Volume
[    5.515708] snd_sof:sof_control_load_volume: sof-audio-pci-intel-tgl 0000:00:1f.3: tplg: load kcontrol index 13 chans 2
[    5.515709] snd_sof:sof_control_load: sof-audio-pci-intel-tgl 0000:00:1f.3: tplg: load control type 1 name : Capture Switch
[    5.515710] snd_sof:sof_control_load_volume: sof-audio-pci-intel-tgl 0000:00:1f.3: tplg: load kcontrol index 13 chans 2
[    5.515711] snd_sof:sof_widget_ready: sof-audio-pci-intel-tgl 0000:00:1f.3: tplg: ready widget id 13 pipe 3 type 6 name : Dmic0 stream none
[    5.515713] snd_sof:sof_control_load: sof-audio-pci-intel-tgl 0000:00:1f.3: tplg: load control type 2 name : eqiir_coef_3
[    5.515714] snd_sof:sof_control_load_bytes: sof-audio-pci-intel-tgl 0000:00:1f.3: tplg: load kcontrol index 14
[    5.515715] snd_sof:sof_widget_ready: sof-audio-pci-intel-tgl 0000:00:1f.3: tplg: ready widget id 14 pipe 3 type 33 name : EQIIR3.0 stream none
[    5.515717] snd_sof:sof_widget_ready: sof-audio-pci-intel-tgl 0000:00:1f.3: tplg: ready widget id 15 pipe 3 type 31 name : BUF3.0 stream none
[    5.515718] snd_sof:sof_widget_ready: sof-audio-pci-intel-tgl 0000:00:1f.3: tplg: ready widget id 16 pipe 3 type 31 name : BUF3.1 stream none
[    5.515720] snd_sof:sof_widget_ready: sof-audio-pci-intel-tgl 0000:00:1f.3: tplg: ready widget id 17 pipe 3 type 31 name : BUF3.2 stream none
[    5.515721] snd_sof:sof_widget_ready: sof-audio-pci-intel-tgl 0000:00:1f.3: tplg: ready widget id 18 pipe 3 type 28 name : DMIC0.IN stream dmic01
[    5.515723] snd_sof:sof_connect_dai_widget: sof-audio-pci-intel-tgl 0000:00:1f.3: tplg: connected widget DMIC0.IN -> DAI link dmic01
[    5.515724] snd_sof:sof_widget_ready: sof-audio-pci-intel-tgl 0000:00:1f.3: tplg: ready widget id 19 pipe 3 type 32 name : PIPELINE.3.DMIC0.IN stream DMIC0.IN
[    5.515726] snd_sof:sof_widget_ready: sof-audio-pci-intel-tgl 0000:00:1f.3: tplg: ready widget id 20 pipe 4 type 24 name : PCM2C stream Highpass Capture 2
[    5.515728] snd_sof:sof_control_load: sof-audio-pci-intel-tgl 0000:00:1f.3: tplg: load control type 1 name : 2nd Capture Volume
[    5.515732] snd_sof:sof_control_load_volume: sof-audio-pci-intel-tgl 0000:00:1f.3: tplg: load kcontrol index 21 chans 2
[    5.515733] snd_sof:sof_widget_ready: sof-audio-pci-intel-tgl 0000:00:1f.3: tplg: ready widget id 21 pipe 4 type 6 name : Dmic1 stream none
[    5.515735] snd_sof:sof_control_load: sof-audio-pci-intel-tgl 0000:00:1f.3: tplg: load control type 2 name : eqiir_coef_4
[    5.515736] snd_sof:sof_control_load_bytes: sof-audio-pci-intel-tgl 0000:00:1f.3: tplg: load kcontrol index 22
[    5.515738] snd_sof:sof_widget_ready: sof-audio-pci-intel-tgl 0000:00:1f.3: tplg: ready widget id 22 pipe 4 type 33 name : EQIIR4.0 stream none
[    5.515739] snd_sof:sof_widget_ready: sof-audio-pci-intel-tgl 0000:00:1f.3: tplg: ready widget id 23 pipe 4 type 31 name : BUF4.0 stream none
[    5.515740] snd_sof:sof_widget_ready: sof-audio-pci-intel-tgl 0000:00:1f.3: tplg: ready widget id 24 pipe 4 type 31 name : BUF4.1 stream none
[    5.515742] snd_sof:sof_widget_ready: sof-audio-pci-intel-tgl 0000:00:1f.3: tplg: ready widget id 25 pipe 4 type 31 name : BUF4.2 stream none
[    5.515743] snd_sof:sof_widget_ready: sof-audio-pci-intel-tgl 0000:00:1f.3: tplg: ready widget id 26 pipe 4 type 28 name : DMIC1.IN stream dmic16k
[    5.515744] snd_sof:sof_connect_dai_widget: sof-audio-pci-intel-tgl 0000:00:1f.3: tplg: connected widget DMIC1.IN -> DAI link dmic16k
[    5.515746] snd_sof:sof_widget_ready: sof-audio-pci-intel-tgl 0000:00:1f.3: tplg: ready widget id 27 pipe 4 type 32 name : PIPELINE.4.DMIC1.IN stream DMIC1.IN
[    5.515747] snd_sof:sof_widget_ready: sof-audio-pci-intel-tgl 0000:00:1f.3: tplg: ready widget id 28 pipe 5 type 23 name : PCM5P stream Passthrough Playback 5
[    5.515749] snd_sof:sof_control_load: sof-audio-pci-intel-tgl 0000:00:1f.3: tplg: load control type 1 name : 5 Master Playback Volume
[    5.515752] snd_sof:sof_control_load_volume: sof-audio-pci-intel-tgl 0000:00:1f.3: tplg: load kcontrol index 29 chans 2
[    5.515753] snd_sof:sof_widget_ready: sof-audio-pci-intel-tgl 0000:00:1f.3: tplg: ready widget id 29 pipe 5 type 6 name : PGA5.0 stream none
[    5.515754] snd_sof:sof_widget_ready: sof-audio-pci-intel-tgl 0000:00:1f.3: tplg: ready widget id 30 pipe 5 type 31 name : BUF5.0 stream none
[    5.515756] snd_sof:sof_widget_ready: sof-audio-pci-intel-tgl 0000:00:1f.3: tplg: ready widget id 31 pipe 5 type 31 name : BUF5.1 stream none
[    5.515758] snd_sof:sof_widget_ready: sof-audio-pci-intel-tgl 0000:00:1f.3: tplg: ready widget id 32 pipe 5 type 27 name : HDA3.OUT stream iDisp1
[    5.515760] snd_sof:sof_connect_dai_widget: sof-audio-pci-intel-tgl 0000:00:1f.3: tplg: connected widget HDA3.OUT -> DAI link iDisp1
[    5.515762] snd_sof:sof_widget_ready: sof-audio-pci-intel-tgl 0000:00:1f.3: tplg: ready widget id 33 pipe 5 type 32 name : PIPELINE.5.HDA3.OUT stream HDA3.OUT
[    5.515765] snd_sof:sof_widget_ready: sof-audio-pci-intel-tgl 0000:00:1f.3: tplg: ready widget id 34 pipe 6 type 23 name : PCM6P stream Passthrough Playback 6
[    5.515768] snd_sof:sof_control_load: sof-audio-pci-intel-tgl 0000:00:1f.3: tplg: load control type 1 name : 6 Master Playback Volume
[    5.515771] snd_sof:sof_control_load_volume: sof-audio-pci-intel-tgl 0000:00:1f.3: tplg: load kcontrol index 35 chans 2
[    5.515773] snd_sof:sof_widget_ready: sof-audio-pci-intel-tgl 0000:00:1f.3: tplg: ready widget id 35 pipe 6 type 6 name : PGA6.0 stream none
[    5.515776] snd_sof:sof_widget_ready: sof-audio-pci-intel-tgl 0000:00:1f.3: tplg: ready widget id 36 pipe 6 type 31 name : BUF6.0 stream none
[    5.515777] snd_sof:sof_widget_ready: sof-audio-pci-intel-tgl 0000:00:1f.3: tplg: ready widget id 37 pipe 6 type 31 name : BUF6.1 stream none
[    5.515779] snd_sof:sof_widget_ready: sof-audio-pci-intel-tgl 0000:00:1f.3: tplg: ready widget id 38 pipe 6 type 27 name : HDA4.OUT stream iDisp2
[    5.515780] snd_sof:sof_connect_dai_widget: sof-audio-pci-intel-tgl 0000:00:1f.3: tplg: connected widget HDA4.OUT -> DAI link iDisp2
[    5.515781] snd_sof:sof_widget_ready: sof-audio-pci-intel-tgl 0000:00:1f.3: tplg: ready widget id 39 pipe 6 type 32 name : PIPELINE.6.HDA4.OUT stream HDA4.OUT
[    5.515783] snd_sof:sof_widget_ready: sof-audio-pci-intel-tgl 0000:00:1f.3: tplg: ready widget id 40 pipe 7 type 23 name : PCM7P stream Passthrough Playback 7
[    5.515785] snd_sof:sof_control_load: sof-audio-pci-intel-tgl 0000:00:1f.3: tplg: load control type 1 name : 7 Master Playback Volume
[    5.515787] snd_sof:sof_control_load_volume: sof-audio-pci-intel-tgl 0000:00:1f.3: tplg: load kcontrol index 41 chans 2
[    5.515789] snd_sof:sof_widget_ready: sof-audio-pci-intel-tgl 0000:00:1f.3: tplg: ready widget id 41 pipe 7 type 6 name : PGA7.0 stream none
[    5.515791] snd_sof:sof_widget_ready: sof-audio-pci-intel-tgl 0000:00:1f.3: tplg: ready widget id 42 pipe 7 type 31 name : BUF7.0 stream none
[    5.515792] snd_sof:sof_widget_ready: sof-audio-pci-intel-tgl 0000:00:1f.3: tplg: ready widget id 43 pipe 7 type 31 name : BUF7.1 stream none
[    5.515793] snd_sof:sof_widget_ready: sof-audio-pci-intel-tgl 0000:00:1f.3: tplg: ready widget id 44 pipe 7 type 27 name : HDA5.OUT stream iDisp3
[    5.515794] snd_sof:sof_connect_dai_widget: sof-audio-pci-intel-tgl 0000:00:1f.3: tplg: connected widget HDA5.OUT -> DAI link iDisp3
[    5.515796] snd_sof:sof_widget_ready: sof-audio-pci-intel-tgl 0000:00:1f.3: tplg: ready widget id 45 pipe 7 type 32 name : PIPELINE.7.HDA5.OUT stream HDA5.OUT
[    5.515798] snd_sof:sof_dai_load: sof-audio-pci-intel-tgl 0000:00:1f.3: tplg: load pcm DMIC 1
[    5.515809] snd_sof:sof_dai_load: sof-audio-pci-intel-tgl 0000:00:1f.3: tplg: load pcm DMIC16kHz 2
[    5.515816] snd_sof:sof_dai_load: sof-audio-pci-intel-tgl 0000:00:1f.3: tplg: load pcm ES8336 0
[    5.515824] snd_sof:sof_dai_load: sof-audio-pci-intel-tgl 0000:00:1f.3: tplg: load pcm HDMI 1 5
[    5.515830] snd_sof:sof_dai_load: sof-audio-pci-intel-tgl 0000:00:1f.3: tplg: load pcm HDMI 2 6
[    5.515836] snd_sof:sof_dai_load: sof-audio-pci-intel-tgl 0000:00:1f.3: tplg: load pcm HDMI 3 7
[    5.515845] snd_sof:sof_route_load: sof-audio-pci-intel-tgl 0000:00:1f.3: sink BUF1.0 control none source PCM0P
[    5.515848] snd_sof:sof_route_load: sof-audio-pci-intel-tgl 0000:00:1f.3: sink PGA1.0 control none source BUF1.0
[    5.515851] snd_sof:sof_route_load: sof-audio-pci-intel-tgl 0000:00:1f.3: sink BUF1.1 control none source PGA1.0
[    5.515852] snd_sof:sof_route_load: sof-audio-pci-intel-tgl 0000:00:1f.3: sink SSP0.OUT control none source BUF1.1
[    5.515854] snd_sof:sof_route_load: sof-audio-pci-intel-tgl 0000:00:1f.3: sink PCM0C control none source BUF2.1
[    5.515856] snd_sof:sof_route_load: sof-audio-pci-intel-tgl 0000:00:1f.3: sink BUF2.1 control none source PGA2.0
[    5.515857] snd_sof:sof_route_load: sof-audio-pci-intel-tgl 0000:00:1f.3: sink PGA2.0 control none source BUF2.0
[    5.515859] snd_sof:sof_route_load: sof-audio-pci-intel-tgl 0000:00:1f.3: sink BUF2.0 control none source SSP0.IN
[    5.515860] snd_sof:sof_route_load: sof-audio-pci-intel-tgl 0000:00:1f.3: sink PCM1C control none source BUF3.0
[    5.515862] snd_sof:sof_route_load: sof-audio-pci-intel-tgl 0000:00:1f.3: sink BUF3.0 control none source Dmic0
[    5.515864] snd_sof:sof_route_load: sof-audio-pci-intel-tgl 0000:00:1f.3: sink Dmic0 control none source BUF3.1
[    5.515865] snd_sof:sof_route_load: sof-audio-pci-intel-tgl 0000:00:1f.3: sink BUF3.1 control none source EQIIR3.0
[    5.515867] snd_sof:sof_route_load: sof-audio-pci-intel-tgl 0000:00:1f.3: sink EQIIR3.0 control none source BUF3.2
[    5.515869] snd_sof:sof_route_load: sof-audio-pci-intel-tgl 0000:00:1f.3: sink BUF3.2 control none source DMIC0.IN
[    5.515870] snd_sof:sof_route_load: sof-audio-pci-intel-tgl 0000:00:1f.3: sink PCM2C control none source BUF4.0
[    5.515872] snd_sof:sof_route_load: sof-audio-pci-intel-tgl 0000:00:1f.3: sink BUF4.0 control none source Dmic1
[    5.515873] snd_sof:sof_route_load: sof-audio-pci-intel-tgl 0000:00:1f.3: sink Dmic1 control none source BUF4.1
[    5.515874] snd_sof:sof_route_load: sof-audio-pci-intel-tgl 0000:00:1f.3: sink BUF4.1 control none source EQIIR4.0
[    5.515876] snd_sof:sof_route_load: sof-audio-pci-intel-tgl 0000:00:1f.3: sink EQIIR4.0 control none source BUF4.2
[    5.515877] snd_sof:sof_route_load: sof-audio-pci-intel-tgl 0000:00:1f.3: sink BUF4.2 control none source DMIC1.IN
[    5.515879] snd_sof:sof_route_load: sof-audio-pci-intel-tgl 0000:00:1f.3: sink BUF5.0 control none source PCM5P
[    5.515880] snd_sof:sof_route_load: sof-audio-pci-intel-tgl 0000:00:1f.3: sink PGA5.0 control none source BUF5.0
[    5.515882] snd_sof:sof_route_load: sof-audio-pci-intel-tgl 0000:00:1f.3: sink BUF5.1 control none source PGA5.0
[    5.515884] snd_sof:sof_route_load: sof-audio-pci-intel-tgl 0000:00:1f.3: sink HDA3.OUT control none source BUF5.1
[    5.515886] snd_sof:sof_route_load: sof-audio-pci-intel-tgl 0000:00:1f.3: sink BUF6.0 control none source PCM6P
[    5.515887] snd_sof:sof_route_load: sof-audio-pci-intel-tgl 0000:00:1f.3: sink PGA6.0 control none source BUF6.0
[    5.515888] snd_sof:sof_route_load: sof-audio-pci-intel-tgl 0000:00:1f.3: sink BUF6.1 control none source PGA6.0
[    5.515890] snd_sof:sof_route_load: sof-audio-pci-intel-tgl 0000:00:1f.3: sink HDA4.OUT control none source BUF6.1
[    5.515892] snd_sof:sof_route_load: sof-audio-pci-intel-tgl 0000:00:1f.3: sink BUF7.0 control none source PCM7P
[    5.515893] snd_sof:sof_route_load: sof-audio-pci-intel-tgl 0000:00:1f.3: sink PGA7.0 control none source BUF7.0
[    5.515895] snd_sof:sof_route_load: sof-audio-pci-intel-tgl 0000:00:1f.3: sink BUF7.1 control none source PGA7.0
[    5.515896] snd_sof:sof_route_load: sof-audio-pci-intel-tgl 0000:00:1f.3: sink HDA5.OUT control none source BUF7.1
[    5.515898] snd_sof:sof_link_load: sof-audio-pci-intel-tgl 0000:00:1f.3: tplg: 1 hw_configs found, default id: 1 for dai link dmic01!
[    5.515900] snd_sof:sof_link_load: sof-audio-pci-intel-tgl 0000:00:1f.3: tplg: 1 hw_configs found, default id: 2 for dai link dmic16k!
[    5.515902] snd_sof:sof_link_load: sof-audio-pci-intel-tgl 0000:00:1f.3: tplg: 1 hw_configs found, default id: 0 for dai link SSP0-Codec!
[    5.515904] snd_sof:sof_link_load: sof-audio-pci-intel-tgl 0000:00:1f.3: tplg: 1 hw_configs found, default id: 3 for dai link iDisp1!
[    5.515905] snd_sof:sof_link_load: sof-audio-pci-intel-tgl 0000:00:1f.3: tplg: 1 hw_configs found, default id: 4 for dai link iDisp2!
[    5.515906] snd_sof:sof_link_load: sof-audio-pci-intel-tgl 0000:00:1f.3: tplg: 1 hw_configs found, default id: 5 for dai link iDisp3!
[    5.515907] sof-essx8336 sof-essx8336: ASoC: Parent card not yet available, widget card binding deferred
[    5.515910] snd_sof:sof_ipc3_widget_setup_comp_pipeline: sof-audio-pci-intel-tgl 0000:00:1f.3: pipeline PIPELINE.7.HDA5.OUT: period 1000 pri 0 mips 5000 core 0 frames 0 dynamic 0
[    5.515912] snd_sof:sof_ipc3_widget_setup_comp_dai: sof-audio-pci-intel-tgl 0000:00:1f.3: dai HDA5.OUT: type 3 index 5
[    5.515913] snd_sof:sof_dbg_comp_config: sof-audio-pci-intel-tgl 0000:00:1f.3:  config: periods snk 0 src 2 fmt 2
[    5.515915] snd_sof:sof_link_hda_load: sof-audio-pci-intel-tgl 0000:00:1f.3: HDA config rate 48000 channels 2
[    5.515916] snd_sof:sof_ipc3_widget_setup_comp_buffer: sof-audio-pci-intel-tgl 0000:00:1f.3: buffer BUF7.1: size 768 caps 0x71
[    5.515917] snd_sof:sof_ipc3_widget_setup_comp_buffer: sof-audio-pci-intel-tgl 0000:00:1f.3: buffer BUF7.0: size 768 caps 0x71
[    5.515919] snd_sof:sof_ipc3_widget_setup_comp_pga: sof-audio-pci-intel-tgl 0000:00:1f.3: loaded PGA PGA7.0
[    5.515920] snd_sof:sof_dbg_comp_config: sof-audio-pci-intel-tgl 0000:00:1f.3:  config: periods snk 2 src 2 fmt 2
[    5.515921] snd_sof:sof_ipc3_widget_setup_comp_host: sof-audio-pci-intel-tgl 0000:00:1f.3: loaded host PCM7P
[    5.515922] snd_sof:sof_dbg_comp_config: sof-audio-pci-intel-tgl 0000:00:1f.3:  config: periods snk 2 src 0 fmt 0
[    5.515923] snd_sof:sof_ipc3_widget_setup_comp_pipeline: sof-audio-pci-intel-tgl 0000:00:1f.3: pipeline PIPELINE.6.HDA4.OUT: period 1000 pri 0 mips 5000 core 0 frames 0 dynamic 0
[    5.515924] snd_sof:sof_ipc3_widget_setup_comp_dai: sof-audio-pci-intel-tgl 0000:00:1f.3: dai HDA4.OUT: type 3 index 4
[    5.515925] snd_sof:sof_dbg_comp_config: sof-audio-pci-intel-tgl 0000:00:1f.3:  config: periods snk 0 src 2 fmt 2
[    5.515926] snd_sof:sof_link_hda_load: sof-audio-pci-intel-tgl 0000:00:1f.3: HDA config rate 48000 channels 2
[    5.515928] snd_sof:sof_ipc3_widget_setup_comp_buffer: sof-audio-pci-intel-tgl 0000:00:1f.3: buffer BUF6.1: size 768 caps 0x71
[    5.515929] snd_sof:sof_ipc3_widget_setup_comp_buffer: sof-audio-pci-intel-tgl 0000:00:1f.3: buffer BUF6.0: size 768 caps 0x71
[    5.515930] snd_sof:sof_ipc3_widget_setup_comp_pga: sof-audio-pci-intel-tgl 0000:00:1f.3: loaded PGA PGA6.0
[    5.515930] snd_sof:sof_dbg_comp_config: sof-audio-pci-intel-tgl 0000:00:1f.3:  config: periods snk 2 src 2 fmt 2
[    5.515931] snd_sof:sof_ipc3_widget_setup_comp_host: sof-audio-pci-intel-tgl 0000:00:1f.3: loaded host PCM6P
[    5.515932] snd_sof:sof_dbg_comp_config: sof-audio-pci-intel-tgl 0000:00:1f.3:  config: periods snk 2 src 0 fmt 0
[    5.515933] snd_sof:sof_ipc3_widget_setup_comp_pipeline: sof-audio-pci-intel-tgl 0000:00:1f.3: pipeline PIPELINE.5.HDA3.OUT: period 1000 pri 0 mips 5000 core 0 frames 0 dynamic 0
[    5.515935] snd_sof:sof_ipc3_widget_setup_comp_dai: sof-audio-pci-intel-tgl 0000:00:1f.3: dai HDA3.OUT: type 3 index 3
[    5.515935] snd_sof:sof_dbg_comp_config: sof-audio-pci-intel-tgl 0000:00:1f.3:  config: periods snk 0 src 2 fmt 2
[    5.515936] snd_sof:sof_link_hda_load: sof-audio-pci-intel-tgl 0000:00:1f.3: HDA config rate 48000 channels 2
[    5.515938] snd_sof:sof_ipc3_widget_setup_comp_buffer: sof-audio-pci-intel-tgl 0000:00:1f.3: buffer BUF5.1: size 768 caps 0x71
[    5.515938] snd_sof:sof_ipc3_widget_setup_comp_buffer: sof-audio-pci-intel-tgl 0000:00:1f.3: buffer BUF5.0: size 768 caps 0x71
[    5.515939] snd_sof:sof_ipc3_widget_setup_comp_pga: sof-audio-pci-intel-tgl 0000:00:1f.3: loaded PGA PGA5.0
[    5.515940] snd_sof:sof_dbg_comp_config: sof-audio-pci-intel-tgl 0000:00:1f.3:  config: periods snk 2 src 2 fmt 2
[    5.515941] snd_sof:sof_ipc3_widget_setup_comp_host: sof-audio-pci-intel-tgl 0000:00:1f.3: loaded host PCM5P
[    5.515942] snd_sof:sof_dbg_comp_config: sof-audio-pci-intel-tgl 0000:00:1f.3:  config: periods snk 2 src 0 fmt 0
[    5.515943] snd_sof:sof_ipc3_widget_setup_comp_pipeline: sof-audio-pci-intel-tgl 0000:00:1f.3: pipeline PIPELINE.4.DMIC1.IN: period 1000 pri 0 mips 5000 core 0 frames 0 dynamic 0
[    5.515944] snd_sof:sof_ipc3_widget_setup_comp_dai: sof-audio-pci-intel-tgl 0000:00:1f.3: dai DMIC1.IN: type 2 index 1
[    5.515945] snd_sof:sof_dbg_comp_config: sof-audio-pci-intel-tgl 0000:00:1f.3:  config: periods snk 2 src 0 fmt 2
[    5.515946] snd_sof:sof_link_dmic_load: sof-audio-pci-intel-tgl 0000:00:1f.3: tplg: config DMIC1 driver version 1
[    5.515947] snd_sof:sof_link_dmic_load: sof-audio-pci-intel-tgl 0000:00:1f.3: pdmclk_min 2400000 pdm_clkmax 4800000 duty_min 40
[    5.515949] snd_sof:sof_link_dmic_load: sof-audio-pci-intel-tgl 0000:00:1f.3: duty_max 60 fifo_fs 16000 num_pdms active 1
[    5.515950] snd_sof:sof_link_dmic_load: sof-audio-pci-intel-tgl 0000:00:1f.3: fifo word length 32
